# Bake Begins!
### (1 of 6) Copy sources
$ cp -a /home/travis/build/fontdirectory/allerta/METADATA.json /home/travis/build/fontdirectory/allerta/builds/build
$ cp -a /home/travis/build/fontdirectory/allerta/DESCRIPTION.en_us.html /home/travis/build/fontdirectory/allerta/builds/build
$ cp -a Allerta-Regular.ttf.ttx src/Allerta-Regular.otf.ttx src/AllertaStencil-Regular.otf.ttx src/AllertaStencil-Regular-VTT.ttf.ttx src/Allerta-Regular-VTT.ttf.ttx src/Allerta-Regular-TTF.sfd src/AllertaStencil-Regular.sfd src/AllertaStencil-Regular-TTF.sfd src/Allerta-Regular.sfd Allerta-Regular.ttf._m_a_x_p.ttx Allerta-Regular.ttf.G_P_O_S_.ttx Allerta-Regular.ttf._f_p_g_m.ttx Allerta-Regular.ttf.O_S_2f_2.ttx Allerta-Regular.ttf._p_r_e_p.ttx Allerta-Regular.ttf.G_D_E_F_.ttx Allerta-Regular.ttf.GlyphOrder.ttx Allerta-Regular.ttf._h_e_a_d.ttx Allerta-Regular.ttf._g_a_s_p.ttx Allerta-Regular.ttf._c_v_t.ttx Allerta-Regular.ttf._c_m_a_p.ttx Allerta-Regular.ttf._p_o_s_t.ttx Allerta-Regular.ttf._h_h_e_a.ttx Allerta-Regular.ttf.D_S_I_G_.ttx Allerta-Regular.ttf._l_o_c_a.ttx Allerta-Regular.ttf.G_S_U_B_.ttx Allerta-Regular.ttf._h_m_t_x.ttx Allerta-Regular.ttf._n_a_m_e.ttx Allerta-Regular.ttf.F_F_T_M_.ttx Allerta-Regular.ttf._g_l_y_f.ttx src/Allerta-Regular.otf.O_S_2f_2.ttx src/Allerta-Regular.otf._p_o_s_t.ttx src/Allerta-Regular.otf.C_F_F_.ttx src/Allerta-Regular.otf._c_m_a_p.ttx src/Allerta-Regular.otf._h_e_a_d.ttx src/Allerta-Regular.otf._m_a_x_p.ttx src/Allerta-Regular.otf._h_h_e_a.ttx src/Allerta-Regular.otf.GlyphOrder.ttx src/Allerta-Regular.otf.G_P_O_S_.ttx src/Allerta-Regular.otf._h_m_t_x.ttx src/Allerta-Regular.otf._n_a_m_e.ttx src/AllertaStencil-Regular.otf.GlyphOrder.ttx src/AllertaStencil-Regular.otf._c_m_a_p.ttx src/AllertaStencil-Regular.otf._p_o_s_t.ttx src/AllertaStencil-Regular.otf._h_e_a_d.ttx src/AllertaStencil-Regular.otf._n_a_m_e.ttx src/AllertaStencil-Regular.otf._h_m_t_x.ttx src/AllertaStencil-Regular.otf.O_S_2f_2.ttx src/AllertaStencil-Regular.otf._h_h_e_a.ttx src/AllertaStencil-Regular.otf._m_a_x_p.ttx src/AllertaStencil-Regular.otf.C_F_F_.ttx src/AllertaStencil-Regular.otf.G_P_O_S_.ttx src/AllertaStencil-Regular-VTT.ttf.G_S_U_B_.ttx src/AllertaStencil-Regular-VTT.ttf.F_F_T_M_.ttx src/AllertaStencil-Regular-VTT.ttf._h_e_a_d.ttx src/AllertaStencil-Regular-VTT.ttf.G_P_O_S_.ttx src/AllertaStencil-Regular-VTT.ttf._n_a_m_e.ttx src/AllertaStencil-Regular-VTT.ttf.G_D_E_F_.ttx src/AllertaStencil-Regular-VTT.ttf.T_S_I__5.ttx src/AllertaStencil-Regular-VTT.ttf._g_l_y_f.ttx src/AllertaStencil-Regular-VTT.ttf._k_e_r_n.ttx src/AllertaStencil-Regular-VTT.ttf._l_o_c_a.ttx src/AllertaStencil-Regular-VTT.ttf._f_p_g_m.ttx src/AllertaStencil-Regular-VTT.ttf._c_m_a_p.ttx src/AllertaStencil-Regular-VTT.ttf.T_S_I__2.ttx src/AllertaStencil-Regular-VTT.ttf._h_h_e_a.ttx src/AllertaStencil-Regular-VTT.ttf._p_o_s_t.ttx src/AllertaStencil-Regular-VTT.ttf._h_m_t_x.ttx src/AllertaStencil-Regular-VTT.ttf.T_S_I__3.ttx src/AllertaStencil-Regular-VTT.ttf._p_r_e_p.ttx src/AllertaStencil-Regular-VTT.ttf._g_a_s_p.ttx src/AllertaStencil-Regular-VTT.ttf._m_a_x_p.ttx src/AllertaStencil-Regular-VTT.ttf._c_v_t.ttx src/AllertaStencil-Regular-VTT.ttf.T_S_I__0.ttx src/AllertaStencil-Regular-VTT.ttf.D_S_I_G_.ttx src/AllertaStencil-Regular-VTT.ttf.T_S_I__1.ttx src/AllertaStencil-Regular-VTT.ttf.GlyphOrder.ttx src/AllertaStencil-Regular-VTT.ttf.O_S_2f_2.ttx src/Allerta-Regular-VTT.ttf._p_o_s_t.ttx src/Allerta-Regular-VTT.ttf._n_a_m_e.ttx src/Allerta-Regular-VTT.ttf._f_p_g_m.ttx src/Allerta-Regular-VTT.ttf.T_S_I__0.ttx src/Allerta-Regular-VTT.ttf._h_m_t_x.ttx src/Allerta-Regular-VTT.ttf._p_r_e_p.ttx src/Allerta-Regular-VTT.ttf._g_l_y_f.ttx src/Allerta-Regular-VTT.ttf.T_S_I__1.ttx src/Allerta-Regular-VTT.ttf.F_F_T_M_.ttx src/Allerta-Regular-VTT.ttf._m_a_x_p.ttx src/Allerta-Regular-VTT.ttf._h_h_e_a.ttx src/Allerta-Regular-VTT.ttf._l_o_c_a.ttx src/Allerta-Regular-VTT.ttf.T_S_I__2.ttx src/Allerta-Regular-VTT.ttf.GlyphOrder.ttx src/Allerta-Regular-VTT.ttf.D_S_I_G_.ttx src/Allerta-Regular-VTT.ttf._g_a_s_p.ttx src/Allerta-Regular-VTT.ttf._h_e_a_d.ttx src/Allerta-Regular-VTT.ttf.T_S_I__3.ttx src/Allerta-Regular-VTT.ttf._k_e_r_n.ttx src/Allerta-Regular-VTT.ttf.T_S_I__5.ttx src/Allerta-Regular-VTT.ttf.G_P_O_S_.ttx src/Allerta-Regular-VTT.ttf.G_S_U_B_.ttx src/Allerta-Regular-VTT.ttf.G_D_E_F_.ttx src/Allerta-Regular-VTT.ttf._c_m_a_p.ttx src/Allerta-Regular-VTT.ttf.O_S_2f_2.ttx src/Allerta-Regular-VTT.ttf._c_v_t.ttx src/AllertaStencil-Regular.otf.GlyphOrder.ttx src/AllertaStencil-Regular.otf._c_m_a_p.ttx src/AllertaStencil-Regular.otf._p_o_s_t.ttx src/AllertaStencil-Regular.otf._h_e_a_d.ttx src/AllertaStencil-Regular.otf._n_a_m_e.ttx src/AllertaStencil-Regular.otf._h_m_t_x.ttx src/AllertaStencil-Regular.otf.ttx src/AllertaStencil-Regular.otf.O_S_2f_2.ttx src/AllertaStencil-Regular.otf._h_h_e_a.ttx src/AllertaStencil-Regular.otf._m_a_x_p.ttx src/AllertaStencil-Regular.otf.C_F_F_.ttx src/AllertaStencil-Regular.otf.G_P_O_S_.ttx src/Allerta-Regular.otf.ttx src/Allerta-Regular.otf.O_S_2f_2.ttx src/Allerta-Regular.otf._p_o_s_t.ttx src/Allerta-Regular.otf.C_F_F_.ttx src/Allerta-Regular.otf._c_m_a_p.ttx src/Allerta-Regular.otf._h_e_a_d.ttx src/Allerta-Regular.otf._m_a_x_p.ttx src/Allerta-Regular.otf._h_h_e_a.ttx src/Allerta-Regular.otf.GlyphOrder.ttx src/Allerta-Regular.otf.G_P_O_S_.ttx src/Allerta-Regular.otf._h_m_t_x.ttx src/Allerta-Regular.otf._n_a_m_e.ttx /home/travis/build/fontdirectory/allerta/builds/build/sources
### (2 of 6) pyfontaine
### (3 of 6) Run upstream tests
$ fontbakery-check.py upstream-repo sources
bakery_lint.tests.upstream.test_check_upstream_sources.ProjectUpstreamTestCase.test_bakery_yaml_exists(): OK
bakery_lint.tests.upstream.test_check_upstream_sources.ProjectUpstreamTestCase.test_copyright_notices_same_across_family(): OK
bakery_lint.tests.upstream.test_check_upstream_sources.ProjectUpstreamTestCase.test_description_html_exists(): OK
bakery_lint.tests.upstream.test_check_upstream_sources.ProjectUpstreamTestCase.test_fontlog_txt_exists(): FAIL
bakery_lint.tests.upstream.test_check_upstream_sources.ProjectUpstreamTestCase.test_metadata_json_exists(): OK
$ fontaine --collections subsets --text /home/travis/build/fontdirectory/allerta/builds/build/sources/Allerta-Regular.otf.ttx /home/travis/build/fontdirectory/allerta/builds/build/sources/AllertaStencil-Regular.otf.ttx /home/travis/build/fontdirectory/allerta/builds/build/sources/Allerta-Regular.ttf.ttx /home/travis/build/fontdirectory/allerta/builds/build/sources/AllertaStencil-Regular-VTT.ttf.ttx /home/travis/build/fontdirectory/allerta/builds/build/sources/Allerta-Regular-VTT.ttf.ttx /home/travis/build/fontdirectory/allerta/builds/build/sources/Allerta-Regular-TTF.sfd /home/travis/build/fontdirectory/allerta/builds/build/sources/AllertaStencil-Regular.sfd /home/travis/build/fontdirectory/allerta/builds/build/sources/AllertaStencil-Regular-TTF.sfd /home/travis/build/fontdirectory/allerta/builds/build/sources/Allerta-Regular.sfd > fontaine.txt
WARNING: Please install [PyICU](https://pypi.python.org/pypi/PyICU) toenable [feature], perhaps with: pip install pyicu
pyfontaine error: Not a TrueType or OpenType font (bad sfntVersion)
pyfontaine process has been failed
bakery_lint.tests.upstream.test_prepolation.FontTestPrepolation.test_font_prepolation_glyph_contours(): OK
bakery_lint.tests.upstream.test_prepolation.FontTestPrepolation.test_font_prepolation_glyph_points(): OK
bakery_lint.tests.upstream.test_prepolation.FontTestPrepolation.test_font_test_prepolation_glyph_names(): OK
bakery_lint.tests.upstream.test_diacritic.TestDiacritic.test_diacritic_made_as_component(): OK
bakery_lint.tests.upstream.test_diacritic.TestDiacritic.test_diacritic_made_as_mark_to_mark(): OK
bakery_lint.tests.upstream.test_diacritic.TestDiacritic.test_diacritic_made_as_own_glyphs(): OK
$ fontbakery-check.py upstream-ttx Allerta-Regular.otf.ttx
bakery_lint.tests.upstream.test_font_filename_eq_familystyle.TestTTFSourceFontFileNameEqualsFamilyStyle.test_source_ttf_font_filename_equals_familystyle(): FAIL
$ mv /home/travis/build/fontdirectory/allerta/builds/build/sources/Allerta-Regular.otf.ttx /home/travis/build/fontdirectory/allerta/builds/build/sources/Allerta-Regular.ttx
bakery_lint.tests.upstream.test_font_filename_eq_familystyle.TestTTFSourceFontFileNameEqualsFamilyStyle.test_source_ttf_font_filename_equals_familystyle(): OK
bakery_lint.tests.upstream.test_glyphname_does_not_contain_disallowed_chars.TestGlyphNameDoesNotContainsDisallowedChars.test_glyphname_does_not_contain_disallowed_chars(): FAIL
bakery_lint.tests.upstream.test_check_ttx_fontfamily_recommendations.TTX_FontFamilyNamingTest.test_ttx_family_naming_recommendation(): OK
bakery_lint.tests.upstream.test_check_ttx_requirements.SourceTTXTest.test_epar_in_keys(): FAIL
bakery_lint.tests.upstream.test_check_ttx_requirements.SourceTTXTest.test_os2_in_keys(): OK
bakery_lint.tests.upstream.test_check_ttx_requirements.SourceTTXTest.test_ttx_doesnt_contain_duplicate_glyphs(): OK
$ fontbakery-check.py upstream-ttx AllertaStencil-Regular.otf.ttx
bakery_lint.tests.upstream.test_font_filename_eq_familystyle.TestTTFSourceFontFileNameEqualsFamilyStyle.test_source_ttf_font_filename_equals_familystyle(): FAIL
$ mv /home/travis/build/fontdirectory/allerta/builds/build/sources/AllertaStencil-Regular.otf.ttx /home/travis/build/fontdirectory/allerta/builds/build/sources/AllertaStencil-Regular.ttx
bakery_lint.tests.upstream.test_font_filename_eq_familystyle.TestTTFSourceFontFileNameEqualsFamilyStyle.test_source_ttf_font_filename_equals_familystyle(): OK
bakery_lint.tests.upstream.test_glyphname_does_not_contain_disallowed_chars.TestGlyphNameDoesNotContainsDisallowedChars.test_glyphname_does_not_contain_disallowed_chars(): FAIL
bakery_lint.tests.upstream.test_check_ttx_fontfamily_recommendations.TTX_FontFamilyNamingTest.test_ttx_family_naming_recommendation(): OK
bakery_lint.tests.upstream.test_check_ttx_requirements.SourceTTXTest.test_epar_in_keys(): FAIL
bakery_lint.tests.upstream.test_check_ttx_requirements.SourceTTXTest.test_os2_in_keys(): OK
bakery_lint.tests.upstream.test_check_ttx_requirements.SourceTTXTest.test_ttx_doesnt_contain_duplicate_glyphs(): OK
$ fontbakery-check.py upstream-ttx Allerta-Regular.ttf.ttx
bakery_lint.tests.upstream.test_font_filename_eq_familystyle.TestTTFSourceFontFileNameEqualsFamilyStyle.test_source_ttf_font_filename_equals_familystyle(): FAIL
$ mv /home/travis/build/fontdirectory/allerta/builds/build/sources/Allerta-Regular.ttf.ttx /home/travis/build/fontdirectory/allerta/builds/build/sources/Allerta-Regular.ttx
bakery_lint.tests.upstream.test_font_filename_eq_familystyle.TestTTFSourceFontFileNameEqualsFamilyStyle.test_source_ttf_font_filename_equals_familystyle(): OK
bakery_lint.tests.upstream.test_glyphname_does_not_contain_disallowed_chars.TestGlyphNameDoesNotContainsDisallowedChars.test_glyphname_does_not_contain_disallowed_chars(): FAIL
bakery_lint.tests.upstream.test_check_ttx_fontfamily_recommendations.TTX_FontFamilyNamingTest.test_ttx_family_naming_recommendation(): OK
bakery_lint.tests.upstream.test_check_ttx_requirements.SourceTTXTest.test_epar_in_keys(): FAIL
bakery_lint.tests.upstream.test_check_ttx_requirements.SourceTTXTest.test_os2_in_keys(): OK
bakery_lint.tests.upstream.test_check_ttx_requirements.SourceTTXTest.test_ttx_doesnt_contain_duplicate_glyphs(): OK
$ fontbakery-check.py upstream-ttx AllertaStencil-Regular-VTT.ttf.ttx
bakery_lint.tests.upstream.test_font_filename_eq_familystyle.TestTTFSourceFontFileNameEqualsFamilyStyle.test_source_ttf_font_filename_equals_familystyle(): FAIL
$ mv /home/travis/build/fontdirectory/allerta/builds/build/sources/AllertaStencil-Regular-VTT.ttf.ttx /home/travis/build/fontdirectory/allerta/builds/build/sources/Allerta-Stencil.ttx
bakery_lint.tests.upstream.test_font_filename_eq_familystyle.TestTTFSourceFontFileNameEqualsFamilyStyle.test_source_ttf_font_filename_equals_familystyle(): OK
bakery_lint.tests.upstream.test_glyphname_does_not_contain_disallowed_chars.TestGlyphNameDoesNotContainsDisallowedChars.test_glyphname_does_not_contain_disallowed_chars(): FAIL
bakery_lint.tests.upstream.test_check_ttx_fontfamily_recommendations.TTX_FontFamilyNamingTest.test_ttx_family_naming_recommendation(): OK
bakery_lint.tests.upstream.test_check_ttx_requirements.SourceTTXTest.test_epar_in_keys(): FAIL
bakery_lint.tests.upstream.test_check_ttx_requirements.SourceTTXTest.test_os2_in_keys(): OK
bakery_lint.tests.upstream.test_check_ttx_requirements.SourceTTXTest.test_ttx_doesnt_contain_duplicate_glyphs(): OK
$ fontbakery-check.py upstream-ttx Allerta-Regular-VTT.ttf.ttx
bakery_lint.tests.upstream.test_font_filename_eq_familystyle.TestTTFSourceFontFileNameEqualsFamilyStyle.test_source_ttf_font_filename_equals_familystyle(): FAIL
$ mv /home/travis/build/fontdirectory/allerta/builds/build/sources/Allerta-Regular-VTT.ttf.ttx /home/travis/build/fontdirectory/allerta/builds/build/sources/Allerta-Medium.ttx
bakery_lint.tests.upstream.test_font_filename_eq_familystyle.TestTTFSourceFontFileNameEqualsFamilyStyle.test_source_ttf_font_filename_equals_familystyle(): OK
bakery_lint.tests.upstream.test_glyphname_does_not_contain_disallowed_chars.TestGlyphNameDoesNotContainsDisallowedChars.test_glyphname_does_not_contain_disallowed_chars(): FAIL
bakery_lint.tests.upstream.test_check_ttx_fontfamily_recommendations.TTX_FontFamilyNamingTest.test_ttx_family_naming_recommendation(): OK
bakery_lint.tests.upstream.test_check_ttx_requirements.SourceTTXTest.test_epar_in_keys(): FAIL
bakery_lint.tests.upstream.test_check_ttx_requirements.SourceTTXTest.test_os2_in_keys(): OK
bakery_lint.tests.upstream.test_check_ttx_requirements.SourceTTXTest.test_ttx_doesnt_contain_duplicate_glyphs(): OK
$ fontbakery-check.py upstream Allerta-Regular-TTF.sfd
bakery_lint.tests.upstream.test_check_ufo_requirements.UfoOpenTest.test_has_rupee(): ERROR
bakery_lint.tests.upstream.test_check_ufo_requirements.UfoOpenTest.test_is_A(): ERROR
bakery_lint.tests.upstream.test_check_ufo_requirements.UfoOpenTest.test_is_A_a_glyph_instance(): ERROR
bakery_lint.tests.upstream.test_check_ufo_requirements.UfoOpenTest.test_is_ended_ufo(): ERROR
bakery_lint.tests.upstream.test_check_ufo_requirements.UfoOpenTest.test_is_folder(): ERROR
bakery_lint.tests.upstream.test_check_ufo_requirements.UfoOpenTest.test_is_fsType_eq_1(): ERROR
bakery_lint.tests.upstream.test_check_ufo_requirements.UfoOpenTest.test_it_exists(): ERROR
bakery_lint.tests.upstream.test_font_filename_eq_familystyle.TestTTFSourceFontFileNameEqualsFamilyStyle.test_source_ttf_font_filename_equals_familystyle(): ERROR
bakery_lint.tests.upstream.test_unicode_value_should_appear_only_once_per_font.UnicodeValueShouldAppearOnlyOnce.testUnicodeValue(): ERROR
bakery_lint.tests.upstream.test_check_ufo_fontfamily_recommendations.TestUFOFontFamilyNamingTest.test_familyname_less_than_32_chars(): OK
bakery_lint.tests.upstream.test_check_ufo_fontfamily_recommendations.TestUFOFontFamilyNamingTest.test_fullfontname_less_than_64_chars(): OK
bakery_lint.tests.upstream.test_check_ufo_fontfamily_recommendations.TestUFOFontFamilyNamingTest.test_postscriptname_consistof_allowed_chars(): OK
bakery_lint.tests.upstream.test_check_ufo_fontfamily_recommendations.TestUFOFontFamilyNamingTest.test_postscriptname_less_than_30_chars(): OK
bakery_lint.tests.upstream.test_check_ufo_fontfamily_recommendations.TestUFOFontFamilyNamingTest.test_stylename_less_than_32_chars(): OK
bakery_lint.tests.upstream.test_check_ufo_fontfamily_recommendations.TestUFOFontFamilyNamingTest.test_weight_value_range_between_250_and_900(): OK
bakery_lint.tests.upstream.test_contour_count.TestContourCount.test_contour_count(): ERROR
$ fontbakery-check.py upstream AllertaStencil-Regular.sfd
bakery_lint.tests.upstream.test_check_ufo_requirements.UfoOpenTest.test_has_rupee(): ERROR
bakery_lint.tests.upstream.test_check_ufo_requirements.UfoOpenTest.test_is_A(): ERROR
bakery_lint.tests.upstream.test_check_ufo_requirements.UfoOpenTest.test_is_A_a_glyph_instance(): ERROR
bakery_lint.tests.upstream.test_check_ufo_requirements.UfoOpenTest.test_is_ended_ufo(): ERROR
bakery_lint.tests.upstream.test_check_ufo_requirements.UfoOpenTest.test_is_folder(): ERROR
bakery_lint.tests.upstream.test_check_ufo_requirements.UfoOpenTest.test_is_fsType_eq_1(): ERROR
bakery_lint.tests.upstream.test_check_ufo_requirements.UfoOpenTest.test_it_exists(): ERROR
bakery_lint.tests.upstream.test_font_filename_eq_familystyle.TestTTFSourceFontFileNameEqualsFamilyStyle.test_source_ttf_font_filename_equals_familystyle(): ERROR
bakery_lint.tests.upstream.test_unicode_value_should_appear_only_once_per_font.UnicodeValueShouldAppearOnlyOnce.testUnicodeValue(): ERROR
bakery_lint.tests.upstream.test_check_ufo_fontfamily_recommendations.TestUFOFontFamilyNamingTest.test_familyname_less_than_32_chars(): OK
bakery_lint.tests.upstream.test_check_ufo_fontfamily_recommendations.TestUFOFontFamilyNamingTest.test_fullfontname_less_than_64_chars(): OK
bakery_lint.tests.upstream.test_check_ufo_fontfamily_recommendations.TestUFOFontFamilyNamingTest.test_postscriptname_consistof_allowed_chars(): OK
bakery_lint.tests.upstream.test_check_ufo_fontfamily_recommendations.TestUFOFontFamilyNamingTest.test_postscriptname_less_than_30_chars(): OK
bakery_lint.tests.upstream.test_check_ufo_fontfamily_recommendations.TestUFOFontFamilyNamingTest.test_stylename_less_than_32_chars(): OK
bakery_lint.tests.upstream.test_check_ufo_fontfamily_recommendations.TestUFOFontFamilyNamingTest.test_weight_value_range_between_250_and_900(): OK
bakery_lint.tests.upstream.test_contour_count.TestContourCount.test_contour_count(): ERROR
$ fontbakery-check.py upstream AllertaStencil-Regular-TTF.sfd
bakery_lint.tests.upstream.test_check_ufo_requirements.UfoOpenTest.test_has_rupee(): ERROR
bakery_lint.tests.upstream.test_check_ufo_requirements.UfoOpenTest.test_is_A(): ERROR
bakery_lint.tests.upstream.test_check_ufo_requirements.UfoOpenTest.test_is_A_a_glyph_instance(): ERROR
bakery_lint.tests.upstream.test_check_ufo_requirements.UfoOpenTest.test_is_ended_ufo(): ERROR
bakery_lint.tests.upstream.test_check_ufo_requirements.UfoOpenTest.test_is_folder(): ERROR
bakery_lint.tests.upstream.test_check_ufo_requirements.UfoOpenTest.test_is_fsType_eq_1(): ERROR
bakery_lint.tests.upstream.test_check_ufo_requirements.UfoOpenTest.test_it_exists(): ERROR
bakery_lint.tests.upstream.test_font_filename_eq_familystyle.TestTTFSourceFontFileNameEqualsFamilyStyle.test_source_ttf_font_filename_equals_familystyle(): ERROR
bakery_lint.tests.upstream.test_unicode_value_should_appear_only_once_per_font.UnicodeValueShouldAppearOnlyOnce.testUnicodeValue(): ERROR
bakery_lint.tests.upstream.test_check_ufo_fontfamily_recommendations.TestUFOFontFamilyNamingTest.test_familyname_less_than_32_chars(): OK
bakery_lint.tests.upstream.test_check_ufo_fontfamily_recommendations.TestUFOFontFamilyNamingTest.test_fullfontname_less_than_64_chars(): OK
bakery_lint.tests.upstream.test_check_ufo_fontfamily_recommendations.TestUFOFontFamilyNamingTest.test_postscriptname_consistof_allowed_chars(): OK
bakery_lint.tests.upstream.test_check_ufo_fontfamily_recommendations.TestUFOFontFamilyNamingTest.test_postscriptname_less_than_30_chars(): OK
bakery_lint.tests.upstream.test_check_ufo_fontfamily_recommendations.TestUFOFontFamilyNamingTest.test_stylename_less_than_32_chars(): OK
bakery_lint.tests.upstream.test_check_ufo_fontfamily_recommendations.TestUFOFontFamilyNamingTest.test_weight_value_range_between_250_and_900(): OK
bakery_lint.tests.upstream.test_contour_count.TestContourCount.test_contour_count(): ERROR
$ fontbakery-check.py upstream Allerta-Regular.sfd
bakery_lint.tests.upstream.test_check_ufo_requirements.UfoOpenTest.test_has_rupee(): ERROR
bakery_lint.tests.upstream.test_check_ufo_requirements.UfoOpenTest.test_is_A(): ERROR
bakery_lint.tests.upstream.test_check_ufo_requirements.UfoOpenTest.test_is_A_a_glyph_instance(): ERROR
bakery_lint.tests.upstream.test_check_ufo_requirements.UfoOpenTest.test_is_ended_ufo(): ERROR
bakery_lint.tests.upstream.test_check_ufo_requirements.UfoOpenTest.test_is_folder(): ERROR
bakery_lint.tests.upstream.test_check_ufo_requirements.UfoOpenTest.test_is_fsType_eq_1(): ERROR
bakery_lint.tests.upstream.test_check_ufo_requirements.UfoOpenTest.test_it_exists(): ERROR
bakery_lint.tests.upstream.test_font_filename_eq_familystyle.TestTTFSourceFontFileNameEqualsFamilyStyle.test_source_ttf_font_filename_equals_familystyle(): ERROR
bakery_lint.tests.upstream.test_unicode_value_should_appear_only_once_per_font.UnicodeValueShouldAppearOnlyOnce.testUnicodeValue(): ERROR
bakery_lint.tests.upstream.test_check_ufo_fontfamily_recommendations.TestUFOFontFamilyNamingTest.test_familyname_less_than_32_chars(): OK
bakery_lint.tests.upstream.test_check_ufo_fontfamily_recommendations.TestUFOFontFamilyNamingTest.test_fullfontname_less_than_64_chars(): OK
bakery_lint.tests.upstream.test_check_ufo_fontfamily_recommendations.TestUFOFontFamilyNamingTest.test_postscriptname_consistof_allowed_chars(): OK
bakery_lint.tests.upstream.test_check_ufo_fontfamily_recommendations.TestUFOFontFamilyNamingTest.test_postscriptname_less_than_30_chars(): OK
bakery_lint.tests.upstream.test_check_ufo_fontfamily_recommendations.TestUFOFontFamilyNamingTest.test_stylename_less_than_32_chars(): OK
bakery_lint.tests.upstream.test_check_ufo_fontfamily_recommendations.TestUFOFontFamilyNamingTest.test_weight_value_range_between_250_and_900(): OK
bakery_lint.tests.upstream.test_contour_count.TestContourCount.test_contour_count(): ERROR
### (4 of 6) Convert sources to TTF
$ ttx -d /home/travis/build/fontdirectory/allerta/builds/build /home/travis/build/fontdirectory/allerta/builds/build/sources/Allerta-Regular.ttx /home/travis/build/fontdirectory/allerta/builds/build/sources/Allerta-Medium.ttx /home/travis/build/fontdirectory/allerta/builds/build/sources/Allerta-Stencil.ttx /home/travis/build/fontdirectory/allerta/builds/build/sources/AllertaStencil-Regular.ttx
strippedname:/home/travis/build/fontdirectory/allerta/builds/build/sources/Allerta-Regular-TTF.sfd
strippedname:/home/travis/build/fontdirectory/allerta/builds/build/sources/AllertaStencil-Regular.sfd
strippedname:/home/travis/build/fontdirectory/allerta/builds/build/sources/AllertaStencil-Regular-TTF.sfd
strippedname:/home/travis/build/fontdirectory/allerta/builds/build/sources/Allerta-Regular.sfd
Compiling "/home/travis/build/fontdirectory/allerta/builds/build/sources/Allerta-Regular.ttx" to "/home/travis/build/fontdirectory/allerta/builds/build/Allerta-Regular.ttf"...
Parsing 'GlyphOrder' table...
Parsing 'head' table...
Parsing 'hhea' table...
Parsing 'maxp' table...
Parsing 'OS/2' table...
Parsing 'hmtx' table...
Parsing 'cmap' table...
Parsing 'fpgm' table...
Parsing 'prep' table...
Parsing 'cvt ' table...
Parsing 'loca' table...
Parsing 'glyf' table...
Parsing 'name' table...
Parsing 'post' table...
Parsing 'gasp' table...
Parsing 'FFTM' table...
Parsing 'GDEF' table...
Parsing 'GPOS' table...
Parsing 'GSUB' table...
Parsing 'DSIG' table...
Compiling "/home/travis/build/fontdirectory/allerta/builds/build/sources/Allerta-Medium.ttx" to "/home/travis/build/fontdirectory/allerta/builds/build/Allerta-Medium.ttf"...
Parsing 'GlyphOrder' table...
Parsing 'head' table...
Parsing 'hhea' table...
Parsing 'maxp' table...
Parsing 'OS/2' table...
Parsing 'hmtx' table...
Parsing 'cmap' table...
Parsing 'fpgm' table...
Parsing 'prep' table...
Parsing 'cvt ' table...
Parsing 'loca' table...
Parsing 'glyf' table...
Parsing 'kern' table...
Parsing 'name' table...
Parsing 'post' table...
Parsing 'gasp' table...
Parsing 'FFTM' table...
Parsing 'GDEF' table...
Parsing 'GPOS' table...
Parsing 'GSUB' table...
Parsing 'TSI0' table...
Parsing 'TSI1' table...
Parsing 'TSI2' table...
Parsing 'TSI3' table...
Parsing 'TSI5' table...
Parsing 'DSIG' table...
Compiling "/home/travis/build/fontdirectory/allerta/builds/build/sources/Allerta-Stencil.ttx" to "/home/travis/build/fontdirectory/allerta/builds/build/Allerta-Stencil.ttf"...
Parsing 'GlyphOrder' table...
Parsing 'head' table...
Parsing 'hhea' table...
Parsing 'maxp' table...
Parsing 'OS/2' table...
Parsing 'hmtx' table...
Parsing 'cmap' table...
Parsing 'fpgm' table...
Parsing 'prep' table...
Parsing 'cvt ' table...
Parsing 'loca' table...
Parsing 'glyf' table...
Parsing 'kern' table...
Parsing 'name' table...
Parsing 'post' table...
Parsing 'gasp' table...
Parsing 'FFTM' table...
Parsing 'GDEF' table...
Parsing 'GPOS' table...
Parsing 'GSUB' table...
Parsing 'TSI0' table...
Parsing 'TSI1' table...
Parsing 'TSI2' table...
Parsing 'TSI3' table...
Parsing 'TSI5' table...
Parsing 'DSIG' table...
Compiling "/home/travis/build/fontdirectory/allerta/builds/build/sources/AllertaStencil-Regular.ttx" to "/home/travis/build/fontdirectory/allerta/builds/build/AllertaStencil-Regular.otf"...
Parsing 'GlyphOrder' table...
Parsing 'head' table...
Parsing 'hhea' table...
Parsing 'maxp' table...
Parsing 'OS/2' table...
Parsing 'name' table...
Parsing 'cmap' table...
Parsing 'post' table...
Parsing 'CFF ' table...
Parsing 'GPOS' table...
Parsing 'hmtx' table...
### Test Allerta-Regular.ttf
$ fontbakery-check.py result Allerta-Regular.ttf
bakery_lint.tests.downstream.test_names_are_ascii_only.CheckNamesAreASCIIOnly.test_check_names_are_ascii_only(): OK
bakery_lint.tests.downstream.test_check_full_font_name_begins_with_family_name.CheckFullFontNameBeginsWithFamilyName.test_check_full_font_name_begins_with_family_name(): OK
bakery_lint.tests.downstream.test_check_vertical_metrics.CheckVerticalLinegapMetrics.test_metrics_linegaps_are_zero(): OK
bakery_lint.tests.downstream.test_check_vertical_metrics.CheckVerticalAscentMetrics.test_metrics_ascents_equal_bbox(): FAIL
$ fontbakery-fix-vertical-metrics.py --autofix /home/travis/build/fontdirectory/allerta/builds/build/AllertaStencil-Regular.otf /home/travis/build/fontdirectory/allerta/builds/build/Allerta-Regular.ttf /home/travis/build/fontdirectory/allerta/builds/build/Allerta-Stencil.ttf /home/travis/build/fontdirectory/allerta/builds/build/Allerta-Medium.ttf
$ mv /home/travis/build/fontdirectory/allerta/builds/build/AllertaStencil-Regular.otf.fix /home/travis/build/fontdirectory/allerta/builds/build/AllertaStencil-Regular.otf
$ mv /home/travis/build/fontdirectory/allerta/builds/build/Allerta-Regular.ttf.fix /home/travis/build/fontdirectory/allerta/builds/build/Allerta-Regular.ttf
$ mv /home/travis/build/fontdirectory/allerta/builds/build/Allerta-Stencil.ttf.fix /home/travis/build/fontdirectory/allerta/builds/build/Allerta-Stencil.ttf
$ mv /home/travis/build/fontdirectory/allerta/builds/build/Allerta-Medium.ttf.fix /home/travis/build/fontdirectory/allerta/builds/build/Allerta-Medium.ttf
$ fontbakery-fix-vertical-metrics.py /home/travis/build/fontdirectory/allerta/builds/build/AllertaStencil-Regular.otf /home/travis/build/fontdirectory/allerta/builds/build/Allerta-Regular.ttf /home/travis/build/fontdirectory/allerta/builds/build/Allerta-Stencil.ttf /home/travis/build/fontdirectory/allerta/builds/build/Allerta-Medium.ttf
Parameter              AllertaStencil-Regular.otf    Allerta-Regular.ttf    Allerta-Stencil.ttf    Allerta-Medium.ttf    
ymax                   1030                          1057                   1055                   1057                  
hhea.ascent            1057                          1057                   1057                   1057                  
OS/2.sTypoAscender     1057                          1057                   1057                   1057                  
OS/2.usWinAscent       1057                          1057                   1057                   1057                  
ymin                   -246                          -252                   -252                   -252                  
hhea.descent           -252                          -252                   -252                   -252                  
OS/2.sTypoDescender    -252                          -252                   -252                   -252                  
OS/2.usWinDescent      252                           252                    252                    252                   
hhea.lineGap           0                             0                      0                      0                     
OS/2.sTypoLineGap      0                             0                      0                      0                     
hhea total             1309                          1309                   1309                   1309                  
typo total             1309                          1309                   1309                   1309                  
win total              1309                          1309                   1309                   1309                  
UPM:Heights            1000:1276                     1024:1309              1024:1307              1024:1309             
UPM:Heights %          127 %                         127 %                  127 %                  127 %                 


bakery_lint.tests.downstream.test_check_vertical_metrics.CheckVerticalAscentMetrics.test_metrics_ascents_equal_bbox(): OK
bakery_lint.tests.downstream.test_check_vertical_metrics.CheckVerticalDescentMetrics.test_metrics_descents_equal_bbox(): OK
bakery_lint.tests.downstream.test_check_italic_angle_agreement.CheckItalicAngleAgreement.test_check_italic_angle_agreement(): OK
The following table(s) in the font have been ignored by FontForge
  Ignoring 'DSIG' digital signature table
bakery_lint.tests.downstream.test_fontforge_validation_state.FontForgeValidateStateTest.test_allowed_numbers_paths_in_composite_glyphs(): OK
bakery_lint.tests.downstream.test_fontforge_validation_state.FontForgeValidateStateTest.test_allowed_numbers_paths_in_glyphs(): OK
bakery_lint.tests.downstream.test_fontforge_validation_state.FontForgeValidateStateTest.test_allowed_numbers_points_in_composite_glyphs(): OK
bakery_lint.tests.downstream.test_fontforge_validation_state.FontForgeValidateStateTest.test_allowed_numbers_points_in_glyphs(): OK
bakery_lint.tests.downstream.test_fontforge_validation_state.FontForgeValidateStateTest.test_duplicate_glyphs(): OK
bakery_lint.tests.downstream.test_fontforge_validation_state.FontForgeValidateStateTest.test_duplicate_unicode_codepoints(): OK
bakery_lint.tests.downstream.test_fontforge_validation_state.FontForgeValidateStateTest.test_flipped_reference_in_glyphs(): FAIL
bakery_lint.tests.downstream.test_fontforge_validation_state.FontForgeValidateStateTest.test_missing_anchors(): OK
bakery_lint.tests.downstream.test_fontforge_validation_state.FontForgeValidateStateTest.test_missing_extrema_in_glyphs(): FAIL
bakery_lint.tests.downstream.test_fontforge_validation_state.FontForgeValidateStateTest.test_overlapped_hints(): OK
bakery_lint.tests.downstream.test_fontforge_validation_state.FontForgeValidateStateTest.test_points_are_integer_aligned(): OK
bakery_lint.tests.downstream.test_fontforge_validation_state.FontForgeValidateStateTest.test_points_are_not_too_far_apart(): OK
bakery_lint.tests.downstream.test_fontforge_validation_state.FontForgeValidateStateTest.test_postscript_hasnt_limit_hints_in_glyphs(): OK
bakery_lint.tests.downstream.test_fontforge_validation_state.FontForgeValidateStateTest.test_postscript_hasnt_limit_points_in_glyphs(): OK
bakery_lint.tests.downstream.test_fontforge_validation_state.FontForgeValidateStateTest.test_referenced_glyphs_are_present(): OK
bakery_lint.tests.downstream.test_fontforge_validation_state.FontForgeValidateStateTest.test_valid_glyph_names(): OK
bakery_lint.tests.downstream.test_fontforge_validation_state.FontForgeValidateStateTest.test_valid_length_instructions(): OK
bakery_lint.tests.downstream.test_fontforge_validation_state.FontForgeValidateStateTest.test_validation_glyph_intersect(): FAIL
bakery_lint.tests.downstream.test_fontforge_validation_state.FontForgeValidateStateTest.test_validation_open_contours(): OK
bakery_lint.tests.downstream.test_fontforge_validation_state.FontForgeValidateStateTest.test_wrong_direction_in_glyphs(): FAIL
bakery_lint.tests.downstream.test_check_no_problematic_formats.CheckNoProblematicFormats.test_check_no_problematic_formats(): OK
bakery_lint.tests.downstream.test_check_upm_heights_less_120.TestCheckUPMHeightsLess120.test_check_upm_heigths_less_120(): FAIL
bakery_lint.tests.downstream.test_check_font_tables.CheckFontHasDsigTable.test_check_font_has_dsig_table(): OK
bakery_lint.tests.downstream.test_check_font_tables.CheckFontHasNotKernTable.test_no_kern_table_exists(): OK
bakery_lint.tests.downstream.test_check_os2_width_class.CheckOS2WidthClass.test_check_os2_width_class(): OK
bakery_lint.tests.downstream.test_check_glyf_table_length.CheckGlyfTableLength.test_check_glyf_table_length(): FAIL
bakery_lint.tests.downstream.test_check_name_table_recommendation.CheckStyleNameRecommendation.test_check_stylename_is_under_recommendations(): OK
bakery_lint.tests.downstream.test_check_name_table_recommendation.CheckOTFamilyNameRecommendation.test_check_opentype_familyname(): FAIL
$ fontbakery-fix-opentype-names.py /home/travis/build/fontdirectory/allerta/builds/build/Allerta-Regular.ttf
$ mv /home/travis/build/fontdirectory/allerta/builds/build/Allerta-Regular.ttf.fix /home/travis/build/fontdirectory/allerta/builds/build/Allerta-Regular.ttf
bakery_lint.tests.downstream.test_check_name_table_recommendation.CheckOTFamilyNameRecommendation.test_check_opentype_familyname(): OK
bakery_lint.tests.downstream.test_check_name_table_recommendation.CheckOTStyleNameRecommendation.test_check_opentype_stylename(): OK
bakery_lint.tests.downstream.test_check_name_table_recommendation.CheckOTFullNameRecommendation.test_check_opentype_fullname(): OK
bakery_lint.tests.downstream.test_check_hmtx_hhea_max_advance_width_agreement.CheckHmtxHheaMaxAdvanceWidthAgreement.test_check_hmtx_hhea_max_advance_width_agreement(): OK
bakery_lint.tests.downstream.test_gpos_table_has_kerning_info.CheckGposTableHasKerningInfo.test_gpos_table_has_kerning_info(): OK
bakery_lint.tests.downstream.test_check_names_same_across_platforms.CheckNamesSameAcrossPlatforms.test_check_names_same_across_platforms(): OK
bakery_lint.tests.downstream.test_check_panose_identification.CheckPanoseIdentification.test_check_panose_identification(): OK
bakery_lint.tests.downstream.test_check_unencoded_glyph.TestFontUnencodedGlyph.test_font_unencoded_glyphs(): FAIL
$ fontbakery-fix-glyph-private-encoding.py --autofix /home/travis/build/fontdirectory/allerta/builds/build/Allerta-Regular.ttf
$ mv /home/travis/build/fontdirectory/allerta/builds/build/Allerta-Regular.ttf.fix /home/travis/build/fontdirectory/allerta/builds/build/Allerta-Regular.ttf
bakery_lint.tests.downstream.test_check_unencoded_glyph.TestFontUnencodedGlyph.test_font_unencoded_glyphs(): FAIL
bakery_lint.tests.downstream.test_check_magic_prep_code.CheckMagicPREPByteCode.test_prep_magic_code(): FAIL
bakery_lint.tests.downstream.test_check_glyph_existence.CheckGlyphExistence.test_euro(): OK
bakery_lint.tests.downstream.test_check_glyph_existence.CheckGlyphExistence.test_nbsp(): OK
bakery_lint.tests.downstream.test_check_glyph_existence.CheckGlyphExistence.test_space(): OK
bakery_lint.tests.downstream.test_check_nbsp_width_matches_sp_width.CheckNbspWidthMatchesSpWidth.test_check_nbsp_width_matches_sp_width(): FAIL
$ fontbakery-fix-nbsp.py /home/travis/build/fontdirectory/allerta/builds/build/Allerta-Regular.ttf
$ mv /home/travis/build/fontdirectory/allerta/builds/build/Allerta-Regular.ttf.fix /home/travis/build/fontdirectory/allerta/builds/build/Allerta-Regular.ttf
bakery_lint.tests.downstream.test_check_nbsp_width_matches_sp_width.CheckNbspWidthMatchesSpWidth.test_check_nbsp_width_matches_sp_width(): FAIL
bakery_lint.tests.downstream.test_check_unused_glyph_data.CheckUnusedGlyphData.test_check_unused_glyph_data(): ERROR
bakery_lint.tests.downstream.test_check_license_included.CheckLicenseIncluded.test_license_included_in_font_names(): OK
bakery_lint.tests.downstream.test_check_fontname_matches_macstyle.CheckFontNameEqualToMacStyleFlags.test_fontname_is_equal_to_macstyle(): FAIL
bakery_lint.tests.downstream.test_gasp_table_value.CheckGaspTableType.test_check_gasp_table_type(): FAIL
$ fontbakery-fix-gasp.py --set=15 /home/travis/build/fontdirectory/allerta/builds/build/Allerta-Regular.ttf
$ mv /home/travis/build/fontdirectory/allerta/builds/build/Allerta-Regular.ttf.fix /home/travis/build/fontdirectory/allerta/builds/build/Allerta-Regular.ttf
bakery_lint.tests.downstream.test_gasp_table_value.CheckGaspTableType.test_check_gasp_table_type(): OK
$ fontbakery-fix-gasp.py --set=15 /home/travis/build/fontdirectory/allerta/builds/build/Allerta-Regular.ttf
$ mv /home/travis/build/fontdirectory/allerta/builds/build/Allerta-Regular.ttf.fix /home/travis/build/fontdirectory/allerta/builds/build/Allerta-Regular.ttf
bakery_lint.tests.downstream.test_check_font_agreements.CheckFsTypeIsNotSet.test_is_fstype_not_set(): OK
$ fontbakery-fix-fstype.py --autofix /home/travis/build/fontdirectory/allerta/builds/build/Allerta-Regular.ttf
$ mv /home/travis/build/fontdirectory/allerta/builds/build/Allerta-Regular.ttf.fix /home/travis/build/fontdirectory/allerta/builds/build/Allerta-Regular.ttf
bakery_lint.tests.downstream.test_check_font_agreements.CheckFontAgreements.test_em_is_1000(): FAIL
bakery_lint.tests.downstream.test_check_font_agreements.CheckFontAgreements.test_font_is_font(): OK
bakery_lint.tests.downstream.test_check_font_agreements.CheckFontAgreements.test_latin_file_exists(): FAIL
bakery_lint.tests.downstream.test_check_font_agreements.CheckFontAgreements.test_menu_file_exists(): FAIL
### Optimize TTF Allerta-Regular.ttf
$ ls -l 'Allerta-Regular.ttf'* # look at the size savings of that subset process
Allerta-Regular.ttf.opt: 18276 bytes
Allerta-Regular.ttf: 19756 bytes
$ mv /home/travis/build/fontdirectory/allerta/builds/build/Allerta-Regular.ttf.opt /home/travis/build/fontdirectory/allerta/builds/build/Allerta-Regular.ttf
### Autohint TTFs (ttfautohint) Allerta-Regular.ttf
$ ttfautohint -l 7 -r 28 -G 50 -x 13 -w "G" /home/travis/build/fontdirectory/allerta/builds/build/Allerta-Regular.ttf '/home/travis/build/fontdirectory/allerta/builds/build/Allerta-Regular.autohint.ttf'

$ ls -l /home/travis/build/fontdirectory/allerta/builds/build/Allerta-Regular.*ttf # look at the size savings of that subset process
/home/travis/build/fontdirectory/allerta/builds/build/Allerta-Regular.ttf: 18276 bytes
/home/travis/build/fontdirectory/allerta/builds/build/Allerta-Regular.autohint.ttf: 27968 bytes
$ mv /home/travis/build/fontdirectory/allerta/builds/build/Allerta-Regular.autohint.ttf /home/travis/build/fontdirectory/allerta/builds/build/Allerta-Regular.ttf
### Subset TTFs (pyftsubset) Allerta-Regular.ttf
$ pyftsubset Allerta-Regular.latin
$ pyftsubset Allerta-Regular.menu
strippedname:/home/travis/build/fontdirectory/allerta/builds/build/Allerta-Regular.ttf
spaceWidth is    274
nbspWidth is     274
Nothing to do
### Test Allerta-Medium.ttf
$ fontbakery-check.py result Allerta-Medium.ttf
bakery_lint.tests.downstream.test_names_are_ascii_only.CheckNamesAreASCIIOnly.test_check_names_are_ascii_only(): OK
bakery_lint.tests.downstream.test_check_full_font_name_begins_with_family_name.CheckFullFontNameBeginsWithFamilyName.test_check_full_font_name_begins_with_family_name(): OK
bakery_lint.tests.downstream.test_check_vertical_metrics.CheckVerticalLinegapMetrics.test_metrics_linegaps_are_zero(): OK
bakery_lint.tests.downstream.test_check_vertical_metrics.CheckVerticalAscentMetrics.test_metrics_ascents_equal_bbox(): OK
bakery_lint.tests.downstream.test_check_vertical_metrics.CheckVerticalDescentMetrics.test_metrics_descents_equal_bbox(): OK
bakery_lint.tests.downstream.test_check_italic_angle_agreement.CheckItalicAngleAgreement.test_check_italic_angle_agreement(): OK
The following table(s) in the font have been ignored by FontForge
  Ignoring 'DSIG' digital signature table
  Ignoring 'TSI0'
  Ignoring 'TSI1'
  Ignoring 'TSI2'
  Ignoring 'TSI3'
  Ignoring 'TSI5'
This font contains both a 'kern' table and a 'GPOS' table.
  The 'kern' table will only be read if there is no 'kern' feature in 'GPOS'.
bakery_lint.tests.downstream.test_fontforge_validation_state.FontForgeValidateStateTest.test_allowed_numbers_paths_in_composite_glyphs(): OK
bakery_lint.tests.downstream.test_fontforge_validation_state.FontForgeValidateStateTest.test_allowed_numbers_paths_in_glyphs(): OK
bakery_lint.tests.downstream.test_fontforge_validation_state.FontForgeValidateStateTest.test_allowed_numbers_points_in_composite_glyphs(): OK
bakery_lint.tests.downstream.test_fontforge_validation_state.FontForgeValidateStateTest.test_allowed_numbers_points_in_glyphs(): OK
bakery_lint.tests.downstream.test_fontforge_validation_state.FontForgeValidateStateTest.test_duplicate_glyphs(): OK
bakery_lint.tests.downstream.test_fontforge_validation_state.FontForgeValidateStateTest.test_duplicate_unicode_codepoints(): OK
bakery_lint.tests.downstream.test_fontforge_validation_state.FontForgeValidateStateTest.test_flipped_reference_in_glyphs(): FAIL
bakery_lint.tests.downstream.test_fontforge_validation_state.FontForgeValidateStateTest.test_missing_anchors(): OK
bakery_lint.tests.downstream.test_fontforge_validation_state.FontForgeValidateStateTest.test_missing_extrema_in_glyphs(): FAIL
bakery_lint.tests.downstream.test_fontforge_validation_state.FontForgeValidateStateTest.test_overlapped_hints(): OK
bakery_lint.tests.downstream.test_fontforge_validation_state.FontForgeValidateStateTest.test_points_are_integer_aligned(): OK
bakery_lint.tests.downstream.test_fontforge_validation_state.FontForgeValidateStateTest.test_points_are_not_too_far_apart(): OK
bakery_lint.tests.downstream.test_fontforge_validation_state.FontForgeValidateStateTest.test_postscript_hasnt_limit_hints_in_glyphs(): OK
bakery_lint.tests.downstream.test_fontforge_validation_state.FontForgeValidateStateTest.test_postscript_hasnt_limit_points_in_glyphs(): OK
bakery_lint.tests.downstream.test_fontforge_validation_state.FontForgeValidateStateTest.test_referenced_glyphs_are_present(): OK
bakery_lint.tests.downstream.test_fontforge_validation_state.FontForgeValidateStateTest.test_valid_glyph_names(): OK
bakery_lint.tests.downstream.test_fontforge_validation_state.FontForgeValidateStateTest.test_valid_length_instructions(): OK
bakery_lint.tests.downstream.test_fontforge_validation_state.FontForgeValidateStateTest.test_validation_glyph_intersect(): FAIL
bakery_lint.tests.downstream.test_fontforge_validation_state.FontForgeValidateStateTest.test_validation_open_contours(): OK
bakery_lint.tests.downstream.test_fontforge_validation_state.FontForgeValidateStateTest.test_wrong_direction_in_glyphs(): FAIL
bakery_lint.tests.downstream.test_check_no_problematic_formats.CheckNoProblematicFormats.test_check_no_problematic_formats(): OK
bakery_lint.tests.downstream.test_check_upm_heights_less_120.TestCheckUPMHeightsLess120.test_check_upm_heigths_less_120(): FAIL
bakery_lint.tests.downstream.test_check_font_tables.CheckFontHasDsigTable.test_check_font_has_dsig_table(): OK
bakery_lint.tests.downstream.test_check_font_tables.CheckFontHasNotKernTable.test_no_kern_table_exists(): OK
bakery_lint.tests.downstream.test_check_os2_width_class.CheckOS2WidthClass.test_check_os2_width_class(): OK
bakery_lint.tests.downstream.test_check_glyf_table_length.CheckGlyfTableLength.test_check_glyf_table_length(): FAIL
bakery_lint.tests.downstream.test_check_name_table_recommendation.CheckStyleNameRecommendation.test_check_stylename_is_under_recommendations(): FAIL
$ fontbakery-fix-opentype-names.py /home/travis/build/fontdirectory/allerta/builds/build/Allerta-Medium.ttf
$ mv /home/travis/build/fontdirectory/allerta/builds/build/Allerta-Medium.ttf.fix /home/travis/build/fontdirectory/allerta/builds/build/Allerta-Medium.ttf
bakery_lint.tests.downstream.test_check_name_table_recommendation.CheckStyleNameRecommendation.test_check_stylename_is_under_recommendations(): FAIL
bakery_lint.tests.downstream.test_check_name_table_recommendation.CheckOTFamilyNameRecommendation.test_check_opentype_familyname(): OK
bakery_lint.tests.downstream.test_check_name_table_recommendation.CheckOTStyleNameRecommendation.test_check_opentype_stylename(): FAIL
$ fontbakery-fix-opentype-names.py /home/travis/build/fontdirectory/allerta/builds/build/Allerta-Medium.ttf
$ mv /home/travis/build/fontdirectory/allerta/builds/build/Allerta-Medium.ttf.fix /home/travis/build/fontdirectory/allerta/builds/build/Allerta-Medium.ttf
bakery_lint.tests.downstream.test_check_name_table_recommendation.CheckOTStyleNameRecommendation.test_check_opentype_stylename(): FAIL
bakery_lint.tests.downstream.test_check_name_table_recommendation.CheckOTFullNameRecommendation.test_check_opentype_fullname(): OK
bakery_lint.tests.downstream.test_check_hmtx_hhea_max_advance_width_agreement.CheckHmtxHheaMaxAdvanceWidthAgreement.test_check_hmtx_hhea_max_advance_width_agreement(): OK
bakery_lint.tests.downstream.test_gpos_table_has_kerning_info.CheckGposTableHasKerningInfo.test_gpos_table_has_kerning_info(): OK
bakery_lint.tests.downstream.test_check_names_same_across_platforms.CheckNamesSameAcrossPlatforms.test_check_names_same_across_platforms(): OK
bakery_lint.tests.downstream.test_check_panose_identification.CheckPanoseIdentification.test_check_panose_identification(): OK
bakery_lint.tests.downstream.test_check_unencoded_glyph.TestFontUnencodedGlyph.test_font_unencoded_glyphs(): FAIL
$ fontbakery-fix-glyph-private-encoding.py --autofix /home/travis/build/fontdirectory/allerta/builds/build/Allerta-Medium.ttf
$ mv /home/travis/build/fontdirectory/allerta/builds/build/Allerta-Medium.ttf.fix /home/travis/build/fontdirectory/allerta/builds/build/Allerta-Medium.ttf
bakery_lint.tests.downstream.test_check_unencoded_glyph.TestFontUnencodedGlyph.test_font_unencoded_glyphs(): FAIL
bakery_lint.tests.downstream.test_check_magic_prep_code.CheckMagicPREPByteCode.test_prep_magic_code(): FAIL
bakery_lint.tests.downstream.test_check_glyph_existence.CheckGlyphExistence.test_euro(): OK
bakery_lint.tests.downstream.test_check_glyph_existence.CheckGlyphExistence.test_nbsp(): OK
bakery_lint.tests.downstream.test_check_glyph_existence.CheckGlyphExistence.test_space(): OK
bakery_lint.tests.downstream.test_check_nbsp_width_matches_sp_width.CheckNbspWidthMatchesSpWidth.test_check_nbsp_width_matches_sp_width(): FAIL
$ fontbakery-fix-nbsp.py /home/travis/build/fontdirectory/allerta/builds/build/Allerta-Medium.ttf
$ mv /home/travis/build/fontdirectory/allerta/builds/build/Allerta-Medium.ttf.fix /home/travis/build/fontdirectory/allerta/builds/build/Allerta-Medium.ttf
bakery_lint.tests.downstream.test_check_nbsp_width_matches_sp_width.CheckNbspWidthMatchesSpWidth.test_check_nbsp_width_matches_sp_width(): FAIL
bakery_lint.tests.downstream.test_check_unused_glyph_data.CheckUnusedGlyphData.test_check_unused_glyph_data(): ERROR
bakery_lint.tests.downstream.test_check_license_included.CheckLicenseIncluded.test_license_included_in_font_names(): OK
bakery_lint.tests.downstream.test_check_fontname_matches_macstyle.CheckFontNameEqualToMacStyleFlags.test_fontname_is_equal_to_macstyle(): FAIL
bakery_lint.tests.downstream.test_gasp_table_value.CheckGaspTableType.test_check_gasp_table_type(): FAIL
$ fontbakery-fix-gasp.py --set=15 /home/travis/build/fontdirectory/allerta/builds/build/Allerta-Medium.ttf
$ mv /home/travis/build/fontdirectory/allerta/builds/build/Allerta-Medium.ttf.fix /home/travis/build/fontdirectory/allerta/builds/build/Allerta-Medium.ttf
bakery_lint.tests.downstream.test_gasp_table_value.CheckGaspTableType.test_check_gasp_table_type(): OK
$ fontbakery-fix-gasp.py --set=15 /home/travis/build/fontdirectory/allerta/builds/build/Allerta-Medium.ttf
$ mv /home/travis/build/fontdirectory/allerta/builds/build/Allerta-Medium.ttf.fix /home/travis/build/fontdirectory/allerta/builds/build/Allerta-Medium.ttf
bakery_lint.tests.downstream.test_check_font_agreements.CheckFsTypeIsNotSet.test_is_fstype_not_set(): FAIL
$ fontbakery-fix-fstype.py --autofix /home/travis/build/fontdirectory/allerta/builds/build/Allerta-Medium.ttf
$ mv /home/travis/build/fontdirectory/allerta/builds/build/Allerta-Medium.ttf.fix /home/travis/build/fontdirectory/allerta/builds/build/Allerta-Medium.ttf
bakery_lint.tests.downstream.test_check_font_agreements.CheckFsTypeIsNotSet.test_is_fstype_not_set(): OK
$ fontbakery-fix-fstype.py --autofix /home/travis/build/fontdirectory/allerta/builds/build/Allerta-Medium.ttf
$ mv /home/travis/build/fontdirectory/allerta/builds/build/Allerta-Medium.ttf.fix /home/travis/build/fontdirectory/allerta/builds/build/Allerta-Medium.ttf
bakery_lint.tests.downstream.test_check_font_agreements.CheckFontAgreements.test_em_is_1000(): FAIL
bakery_lint.tests.downstream.test_check_font_agreements.CheckFontAgreements.test_font_is_font(): OK
bakery_lint.tests.downstream.test_check_font_agreements.CheckFontAgreements.test_latin_file_exists(): FAIL
bakery_lint.tests.downstream.test_check_font_agreements.CheckFontAgreements.test_menu_file_exists(): FAIL
### Optimize TTF Allerta-Medium.ttf
$ ls -l 'Allerta-Medium.ttf'* # look at the size savings of that subset process
Allerta-Medium.ttf.opt: 33596 bytes
Allerta-Medium.ttf: 139052 bytes
$ mv /home/travis/build/fontdirectory/allerta/builds/build/Allerta-Medium.ttf.opt /home/travis/build/fontdirectory/allerta/builds/build/Allerta-Medium.ttf
### Autohint TTFs (ttfautohint) Allerta-Medium.ttf
$ ttfautohint -l 7 -r 28 -G 50 -x 13 -w "G" /home/travis/build/fontdirectory/allerta/builds/build/Allerta-Medium.ttf '/home/travis/build/fontdirectory/allerta/builds/build/Allerta-Medium.autohint.ttf'

$ ls -l /home/travis/build/fontdirectory/allerta/builds/build/Allerta-Medium.*ttf # look at the size savings of that subset process
/home/travis/build/fontdirectory/allerta/builds/build/Allerta-Medium.ttf: 33596 bytes
/home/travis/build/fontdirectory/allerta/builds/build/Allerta-Medium.autohint.ttf: 36532 bytes
$ mv /home/travis/build/fontdirectory/allerta/builds/build/Allerta-Medium.autohint.ttf /home/travis/build/fontdirectory/allerta/builds/build/Allerta-Medium.ttf
### Subset TTFs (pyftsubset) Allerta-Medium.ttf
$ pyftsubset Allerta-Medium.latin
$ pyftsubset Allerta-Medium.menu
strippedname:/home/travis/build/fontdirectory/allerta/builds/build/Allerta-Medium.ttf
spaceWidth is    274
nbspWidth is     274
Nothing to do
### Test Allerta-Stencil.ttf
$ fontbakery-check.py result Allerta-Stencil.ttf
bakery_lint.tests.downstream.test_names_are_ascii_only.CheckNamesAreASCIIOnly.test_check_names_are_ascii_only(): OK
bakery_lint.tests.downstream.test_check_full_font_name_begins_with_family_name.CheckFullFontNameBeginsWithFamilyName.test_check_full_font_name_begins_with_family_name(): OK
bakery_lint.tests.downstream.test_check_vertical_metrics.CheckVerticalLinegapMetrics.test_metrics_linegaps_are_zero(): OK
bakery_lint.tests.downstream.test_check_vertical_metrics.CheckVerticalAscentMetrics.test_metrics_ascents_equal_bbox(): OK
bakery_lint.tests.downstream.test_check_vertical_metrics.CheckVerticalDescentMetrics.test_metrics_descents_equal_bbox(): OK
bakery_lint.tests.downstream.test_check_italic_angle_agreement.CheckItalicAngleAgreement.test_check_italic_angle_agreement(): OK
The following table(s) in the font have been ignored by FontForge
  Ignoring 'DSIG' digital signature table
  Ignoring 'TSI0'
  Ignoring 'TSI1'
  Ignoring 'TSI2'
  Ignoring 'TSI3'
  Ignoring 'TSI5'
This font contains both a 'kern' table and a 'GPOS' table.
  The 'kern' table will only be read if there is no 'kern' feature in 'GPOS'.
bakery_lint.tests.downstream.test_fontforge_validation_state.FontForgeValidateStateTest.test_allowed_numbers_paths_in_composite_glyphs(): OK
bakery_lint.tests.downstream.test_fontforge_validation_state.FontForgeValidateStateTest.test_allowed_numbers_paths_in_glyphs(): OK
bakery_lint.tests.downstream.test_fontforge_validation_state.FontForgeValidateStateTest.test_allowed_numbers_points_in_composite_glyphs(): OK
bakery_lint.tests.downstream.test_fontforge_validation_state.FontForgeValidateStateTest.test_allowed_numbers_points_in_glyphs(): OK
bakery_lint.tests.downstream.test_fontforge_validation_state.FontForgeValidateStateTest.test_duplicate_glyphs(): OK
bakery_lint.tests.downstream.test_fontforge_validation_state.FontForgeValidateStateTest.test_duplicate_unicode_codepoints(): OK
bakery_lint.tests.downstream.test_fontforge_validation_state.FontForgeValidateStateTest.test_flipped_reference_in_glyphs(): FAIL
bakery_lint.tests.downstream.test_fontforge_validation_state.FontForgeValidateStateTest.test_missing_anchors(): OK
bakery_lint.tests.downstream.test_fontforge_validation_state.FontForgeValidateStateTest.test_missing_extrema_in_glyphs(): FAIL
bakery_lint.tests.downstream.test_fontforge_validation_state.FontForgeValidateStateTest.test_overlapped_hints(): OK
bakery_lint.tests.downstream.test_fontforge_validation_state.FontForgeValidateStateTest.test_points_are_integer_aligned(): OK
bakery_lint.tests.downstream.test_fontforge_validation_state.FontForgeValidateStateTest.test_points_are_not_too_far_apart(): OK
bakery_lint.tests.downstream.test_fontforge_validation_state.FontForgeValidateStateTest.test_postscript_hasnt_limit_hints_in_glyphs(): OK
bakery_lint.tests.downstream.test_fontforge_validation_state.FontForgeValidateStateTest.test_postscript_hasnt_limit_points_in_glyphs(): OK
bakery_lint.tests.downstream.test_fontforge_validation_state.FontForgeValidateStateTest.test_referenced_glyphs_are_present(): OK
bakery_lint.tests.downstream.test_fontforge_validation_state.FontForgeValidateStateTest.test_valid_glyph_names(): OK
bakery_lint.tests.downstream.test_fontforge_validation_state.FontForgeValidateStateTest.test_valid_length_instructions(): OK
bakery_lint.tests.downstream.test_fontforge_validation_state.FontForgeValidateStateTest.test_validation_glyph_intersect(): FAIL
bakery_lint.tests.downstream.test_fontforge_validation_state.FontForgeValidateStateTest.test_validation_open_contours(): OK
bakery_lint.tests.downstream.test_fontforge_validation_state.FontForgeValidateStateTest.test_wrong_direction_in_glyphs(): FAIL
bakery_lint.tests.downstream.test_check_no_problematic_formats.CheckNoProblematicFormats.test_check_no_problematic_formats(): OK
bakery_lint.tests.downstream.test_check_upm_heights_less_120.TestCheckUPMHeightsLess120.test_check_upm_heigths_less_120(): FAIL
bakery_lint.tests.downstream.test_check_font_tables.CheckFontHasDsigTable.test_check_font_has_dsig_table(): OK
bakery_lint.tests.downstream.test_check_font_tables.CheckFontHasNotKernTable.test_no_kern_table_exists(): OK
bakery_lint.tests.downstream.test_check_os2_width_class.CheckOS2WidthClass.test_check_os2_width_class(): OK
bakery_lint.tests.downstream.test_check_glyf_table_length.CheckGlyfTableLength.test_check_glyf_table_length(): FAIL
bakery_lint.tests.downstream.test_check_name_table_recommendation.CheckStyleNameRecommendation.test_check_stylename_is_under_recommendations(): FAIL
$ fontbakery-fix-opentype-names.py /home/travis/build/fontdirectory/allerta/builds/build/Allerta-Stencil.ttf
$ mv /home/travis/build/fontdirectory/allerta/builds/build/Allerta-Stencil.ttf.fix /home/travis/build/fontdirectory/allerta/builds/build/Allerta-Stencil.ttf
bakery_lint.tests.downstream.test_check_name_table_recommendation.CheckStyleNameRecommendation.test_check_stylename_is_under_recommendations(): FAIL
bakery_lint.tests.downstream.test_check_name_table_recommendation.CheckOTFamilyNameRecommendation.test_check_opentype_familyname(): OK
bakery_lint.tests.downstream.test_check_name_table_recommendation.CheckOTStyleNameRecommendation.test_check_opentype_stylename(): FAIL
$ fontbakery-fix-opentype-names.py /home/travis/build/fontdirectory/allerta/builds/build/Allerta-Stencil.ttf
$ mv /home/travis/build/fontdirectory/allerta/builds/build/Allerta-Stencil.ttf.fix /home/travis/build/fontdirectory/allerta/builds/build/Allerta-Stencil.ttf
bakery_lint.tests.downstream.test_check_name_table_recommendation.CheckOTStyleNameRecommendation.test_check_opentype_stylename(): FAIL
bakery_lint.tests.downstream.test_check_name_table_recommendation.CheckOTFullNameRecommendation.test_check_opentype_fullname(): OK
bakery_lint.tests.downstream.test_check_hmtx_hhea_max_advance_width_agreement.CheckHmtxHheaMaxAdvanceWidthAgreement.test_check_hmtx_hhea_max_advance_width_agreement(): OK
bakery_lint.tests.downstream.test_gpos_table_has_kerning_info.CheckGposTableHasKerningInfo.test_gpos_table_has_kerning_info(): OK
bakery_lint.tests.downstream.test_check_names_same_across_platforms.CheckNamesSameAcrossPlatforms.test_check_names_same_across_platforms(): OK
bakery_lint.tests.downstream.test_check_panose_identification.CheckPanoseIdentification.test_check_panose_identification(): OK
bakery_lint.tests.downstream.test_check_unencoded_glyph.TestFontUnencodedGlyph.test_font_unencoded_glyphs(): FAIL
$ fontbakery-fix-glyph-private-encoding.py --autofix /home/travis/build/fontdirectory/allerta/builds/build/Allerta-Stencil.ttf
$ mv /home/travis/build/fontdirectory/allerta/builds/build/Allerta-Stencil.ttf.fix /home/travis/build/fontdirectory/allerta/builds/build/Allerta-Stencil.ttf
bakery_lint.tests.downstream.test_check_unencoded_glyph.TestFontUnencodedGlyph.test_font_unencoded_glyphs(): FAIL
bakery_lint.tests.downstream.test_check_magic_prep_code.CheckMagicPREPByteCode.test_prep_magic_code(): FAIL
bakery_lint.tests.downstream.test_check_glyph_existence.CheckGlyphExistence.test_euro(): OK
bakery_lint.tests.downstream.test_check_glyph_existence.CheckGlyphExistence.test_nbsp(): OK
bakery_lint.tests.downstream.test_check_glyph_existence.CheckGlyphExistence.test_space(): OK
bakery_lint.tests.downstream.test_check_nbsp_width_matches_sp_width.CheckNbspWidthMatchesSpWidth.test_check_nbsp_width_matches_sp_width(): FAIL
$ fontbakery-fix-nbsp.py /home/travis/build/fontdirectory/allerta/builds/build/Allerta-Stencil.ttf
$ mv /home/travis/build/fontdirectory/allerta/builds/build/Allerta-Stencil.ttf.fix /home/travis/build/fontdirectory/allerta/builds/build/Allerta-Stencil.ttf
bakery_lint.tests.downstream.test_check_nbsp_width_matches_sp_width.CheckNbspWidthMatchesSpWidth.test_check_nbsp_width_matches_sp_width(): FAIL
bakery_lint.tests.downstream.test_check_unused_glyph_data.CheckUnusedGlyphData.test_check_unused_glyph_data(): ERROR
bakery_lint.tests.downstream.test_check_license_included.CheckLicenseIncluded.test_license_included_in_font_names(): OK
bakery_lint.tests.downstream.test_check_fontname_matches_macstyle.CheckFontNameEqualToMacStyleFlags.test_fontname_is_equal_to_macstyle(): FAIL
bakery_lint.tests.downstream.test_gasp_table_value.CheckGaspTableType.test_check_gasp_table_type(): FAIL
$ fontbakery-fix-gasp.py --set=15 /home/travis/build/fontdirectory/allerta/builds/build/Allerta-Stencil.ttf
$ mv /home/travis/build/fontdirectory/allerta/builds/build/Allerta-Stencil.ttf.fix /home/travis/build/fontdirectory/allerta/builds/build/Allerta-Stencil.ttf
bakery_lint.tests.downstream.test_gasp_table_value.CheckGaspTableType.test_check_gasp_table_type(): OK
$ fontbakery-fix-gasp.py --set=15 /home/travis/build/fontdirectory/allerta/builds/build/Allerta-Stencil.ttf
$ mv /home/travis/build/fontdirectory/allerta/builds/build/Allerta-Stencil.ttf.fix /home/travis/build/fontdirectory/allerta/builds/build/Allerta-Stencil.ttf
bakery_lint.tests.downstream.test_check_font_agreements.CheckFsTypeIsNotSet.test_is_fstype_not_set(): FAIL
$ fontbakery-fix-fstype.py --autofix /home/travis/build/fontdirectory/allerta/builds/build/Allerta-Stencil.ttf
$ mv /home/travis/build/fontdirectory/allerta/builds/build/Allerta-Stencil.ttf.fix /home/travis/build/fontdirectory/allerta/builds/build/Allerta-Stencil.ttf
bakery_lint.tests.downstream.test_check_font_agreements.CheckFsTypeIsNotSet.test_is_fstype_not_set(): OK
$ fontbakery-fix-fstype.py --autofix /home/travis/build/fontdirectory/allerta/builds/build/Allerta-Stencil.ttf
$ mv /home/travis/build/fontdirectory/allerta/builds/build/Allerta-Stencil.ttf.fix /home/travis/build/fontdirectory/allerta/builds/build/Allerta-Stencil.ttf
bakery_lint.tests.downstream.test_check_font_agreements.CheckFontAgreements.test_em_is_1000(): FAIL
bakery_lint.tests.downstream.test_check_font_agreements.CheckFontAgreements.test_font_is_font(): OK
bakery_lint.tests.downstream.test_check_font_agreements.CheckFontAgreements.test_latin_file_exists(): FAIL
bakery_lint.tests.downstream.test_check_font_agreements.CheckFontAgreements.test_menu_file_exists(): FAIL
### Optimize TTF Allerta-Stencil.ttf
$ ls -l 'Allerta-Stencil.ttf'* # look at the size savings of that subset process
Allerta-Stencil.ttf.opt: 34284 bytes
Allerta-Stencil.ttf: 145276 bytes
$ mv /home/travis/build/fontdirectory/allerta/builds/build/Allerta-Stencil.ttf.opt /home/travis/build/fontdirectory/allerta/builds/build/Allerta-Stencil.ttf
### Autohint TTFs (ttfautohint) Allerta-Stencil.ttf
$ ttfautohint -l 7 -r 28 -G 50 -x 13 -w "G" /home/travis/build/fontdirectory/allerta/builds/build/Allerta-Stencil.ttf '/home/travis/build/fontdirectory/allerta/builds/build/Allerta-Stencil.autohint.ttf'

$ ls -l /home/travis/build/fontdirectory/allerta/builds/build/Allerta-Stencil.*ttf # look at the size savings of that subset process
/home/travis/build/fontdirectory/allerta/builds/build/Allerta-Stencil.ttf: 34284 bytes
/home/travis/build/fontdirectory/allerta/builds/build/Allerta-Stencil.autohint.ttf: 38032 bytes
$ mv /home/travis/build/fontdirectory/allerta/builds/build/Allerta-Stencil.autohint.ttf /home/travis/build/fontdirectory/allerta/builds/build/Allerta-Stencil.ttf
### Subset TTFs (pyftsubset) Allerta-Stencil.ttf
$ pyftsubset Allerta-Stencil.latin
$ pyftsubset Allerta-Stencil.menu
strippedname:/home/travis/build/fontdirectory/allerta/builds/build/Allerta-Stencil.ttf
spaceWidth is    274
nbspWidth is     274
Nothing to do
$ fontbakery-build-font2ttf.py sources/AllertaStencil-Regular.otf AllertaStencil-Regular.ttf
Warning: Mac and Windows entries in the 'name' table differ for the
 Fullname string in the language English (US)
 Mac String: Allerta Stencil Regular
Windows String: AllertaStencil-Regular
egrave's SEAC-like endchar operator is depreciated for Type2
yacute's SEAC-like endchar operator is depreciated for Type2
Egrave's SEAC-like endchar operator is depreciated for Type2
Igrave's SEAC-like endchar operator is depreciated for Type2
edieresis's SEAC-like endchar operator is depreciated for Type2
adieresis's SEAC-like endchar operator is depreciated for Type2
ydieresis's SEAC-like endchar operator is depreciated for Type2
Edieresis's SEAC-like endchar operator is depreciated for Type2
igrave's SEAC-like endchar operator is depreciated for Type2
idieresis's SEAC-like endchar operator is depreciated for Type2
ecircumflex's SEAC-like endchar operator is depreciated for Type2
Odieresis's SEAC-like endchar operator is depreciated for Type2
Oacute's SEAC-like endchar operator is depreciated for Type2
Icircumflex's SEAC-like endchar operator is depreciated for Type2
icircumflex's SEAC-like endchar operator is depreciated for Type2
Acircumflex's SEAC-like endchar operator is depreciated for Type2
Yacute's SEAC-like endchar operator is depreciated for Type2
Udieresis's SEAC-like endchar operator is depreciated for Type2
Uacute's SEAC-like endchar operator is depreciated for Type2
ugrave's SEAC-like endchar operator is depreciated for Type2
ucircumflex's SEAC-like endchar operator is depreciated for Type2
Otilde's SEAC-like endchar operator is depreciated for Type2
atilde's SEAC-like endchar operator is depreciated for Type2
Atilde's SEAC-like endchar operator is depreciated for Type2
zcaron's SEAC-like endchar operator is depreciated for Type2
ntilde's SEAC-like endchar operator is depreciated for Type2
aring's SEAC-like endchar operator is depreciated for Type2
ccedilla's SEAC-like endchar operator is depreciated for Type2
Scaron's SEAC-like endchar operator is depreciated for Type2
Ydieresis's SEAC-like endchar operator is depreciated for Type2
Success: Generated OpenType-TTF (/home/travis/build/fontdirectory/allerta/builds/build/AllertaStencil-Regular.ttf)
strippedname:/home/travis/build/fontdirectory/allerta/builds/build/AllertaStencil-Regular.otf
### Test AllertaStencil-Regular.ttf
$ fontbakery-check.py result AllertaStencil-Regular.ttf
bakery_lint.tests.downstream.test_names_are_ascii_only.CheckNamesAreASCIIOnly.test_check_names_are_ascii_only(): OK
bakery_lint.tests.downstream.test_check_full_font_name_begins_with_family_name.CheckFullFontNameBeginsWithFamilyName.test_check_full_font_name_begins_with_family_name(): FAIL
bakery_lint.tests.downstream.test_check_vertical_metrics.CheckVerticalLinegapMetrics.test_metrics_linegaps_are_zero(): OK
bakery_lint.tests.downstream.test_check_vertical_metrics.CheckVerticalAscentMetrics.test_metrics_ascents_equal_bbox(): OK
bakery_lint.tests.downstream.test_check_vertical_metrics.CheckVerticalDescentMetrics.test_metrics_descents_equal_bbox(): OK
bakery_lint.tests.downstream.test_check_italic_angle_agreement.CheckItalicAngleAgreement.test_check_italic_angle_agreement(): OK
The following table(s) in the font have been ignored by FontForge
  Ignoring 'DSIG' digital signature table
bakery_lint.tests.downstream.test_fontforge_validation_state.FontForgeValidateStateTest.test_allowed_numbers_paths_in_composite_glyphs(): OK
bakery_lint.tests.downstream.test_fontforge_validation_state.FontForgeValidateStateTest.test_allowed_numbers_paths_in_glyphs(): OK
bakery_lint.tests.downstream.test_fontforge_validation_state.FontForgeValidateStateTest.test_allowed_numbers_points_in_composite_glyphs(): OK
bakery_lint.tests.downstream.test_fontforge_validation_state.FontForgeValidateStateTest.test_allowed_numbers_points_in_glyphs(): OK
bakery_lint.tests.downstream.test_fontforge_validation_state.FontForgeValidateStateTest.test_duplicate_glyphs(): OK
bakery_lint.tests.downstream.test_fontforge_validation_state.FontForgeValidateStateTest.test_duplicate_unicode_codepoints(): OK
bakery_lint.tests.downstream.test_fontforge_validation_state.FontForgeValidateStateTest.test_flipped_reference_in_glyphs(): OK
bakery_lint.tests.downstream.test_fontforge_validation_state.FontForgeValidateStateTest.test_missing_anchors(): OK
bakery_lint.tests.downstream.test_fontforge_validation_state.FontForgeValidateStateTest.test_missing_extrema_in_glyphs(): FAIL
bakery_lint.tests.downstream.test_fontforge_validation_state.FontForgeValidateStateTest.test_overlapped_hints(): OK
bakery_lint.tests.downstream.test_fontforge_validation_state.FontForgeValidateStateTest.test_points_are_integer_aligned(): OK
bakery_lint.tests.downstream.test_fontforge_validation_state.FontForgeValidateStateTest.test_points_are_not_too_far_apart(): OK
bakery_lint.tests.downstream.test_fontforge_validation_state.FontForgeValidateStateTest.test_postscript_hasnt_limit_hints_in_glyphs(): OK
bakery_lint.tests.downstream.test_fontforge_validation_state.FontForgeValidateStateTest.test_postscript_hasnt_limit_points_in_glyphs(): OK
bakery_lint.tests.downstream.test_fontforge_validation_state.FontForgeValidateStateTest.test_referenced_glyphs_are_present(): OK
bakery_lint.tests.downstream.test_fontforge_validation_state.FontForgeValidateStateTest.test_valid_glyph_names(): OK
bakery_lint.tests.downstream.test_fontforge_validation_state.FontForgeValidateStateTest.test_valid_length_instructions(): OK
bakery_lint.tests.downstream.test_fontforge_validation_state.FontForgeValidateStateTest.test_validation_glyph_intersect(): FAIL
bakery_lint.tests.downstream.test_fontforge_validation_state.FontForgeValidateStateTest.test_validation_open_contours(): OK
bakery_lint.tests.downstream.test_fontforge_validation_state.FontForgeValidateStateTest.test_wrong_direction_in_glyphs(): OK
bakery_lint.tests.downstream.test_check_no_problematic_formats.CheckNoProblematicFormats.test_check_no_problematic_formats(): OK
bakery_lint.tests.downstream.test_check_upm_heights_less_120.TestCheckUPMHeightsLess120.test_check_upm_heigths_less_120(): FAIL
bakery_lint.tests.downstream.test_check_font_tables.CheckFontHasDsigTable.test_check_font_has_dsig_table(): OK
bakery_lint.tests.downstream.test_check_font_tables.CheckFontHasNotKernTable.test_no_kern_table_exists(): OK
bakery_lint.tests.downstream.test_check_os2_width_class.CheckOS2WidthClass.test_check_os2_width_class(): OK
bakery_lint.tests.downstream.test_check_glyf_table_length.CheckGlyfTableLength.test_check_glyf_table_length(): FAIL
bakery_lint.tests.downstream.test_check_name_table_recommendation.CheckStyleNameRecommendation.test_check_stylename_is_under_recommendations(): OK
bakery_lint.tests.downstream.test_check_name_table_recommendation.CheckOTFamilyNameRecommendation.test_check_opentype_familyname(): FAIL
$ fontbakery-fix-opentype-names.py /home/travis/build/fontdirectory/allerta/builds/build/AllertaStencil-Regular.ttf
$ mv /home/travis/build/fontdirectory/allerta/builds/build/AllertaStencil-Regular.ttf.fix /home/travis/build/fontdirectory/allerta/builds/build/AllertaStencil-Regular.ttf
bakery_lint.tests.downstream.test_check_name_table_recommendation.CheckOTFamilyNameRecommendation.test_check_opentype_familyname(): OK
bakery_lint.tests.downstream.test_check_name_table_recommendation.CheckOTStyleNameRecommendation.test_check_opentype_stylename(): OK
bakery_lint.tests.downstream.test_check_name_table_recommendation.CheckOTFullNameRecommendation.test_check_opentype_fullname(): OK
bakery_lint.tests.downstream.test_check_hmtx_hhea_max_advance_width_agreement.CheckHmtxHheaMaxAdvanceWidthAgreement.test_check_hmtx_hhea_max_advance_width_agreement(): OK
bakery_lint.tests.downstream.test_gpos_table_has_kerning_info.CheckGposTableHasKerningInfo.test_gpos_table_has_kerning_info(): OK
bakery_lint.tests.downstream.test_check_names_same_across_platforms.CheckNamesSameAcrossPlatforms.test_check_names_same_across_platforms(): OK
bakery_lint.tests.downstream.test_check_panose_identification.CheckPanoseIdentification.test_check_panose_identification(): OK
bakery_lint.tests.downstream.test_check_unencoded_glyph.TestFontUnencodedGlyph.test_font_unencoded_glyphs(): FAIL
$ fontbakery-fix-glyph-private-encoding.py --autofix /home/travis/build/fontdirectory/allerta/builds/build/AllertaStencil-Regular.ttf
$ mv /home/travis/build/fontdirectory/allerta/builds/build/AllertaStencil-Regular.ttf.fix /home/travis/build/fontdirectory/allerta/builds/build/AllertaStencil-Regular.ttf
bakery_lint.tests.downstream.test_check_unencoded_glyph.TestFontUnencodedGlyph.test_font_unencoded_glyphs(): FAIL
bakery_lint.tests.downstream.test_check_magic_prep_code.CheckMagicPREPByteCode.test_prep_magic_code(): FAIL
bakery_lint.tests.downstream.test_check_glyph_existence.CheckGlyphExistence.test_euro(): OK
bakery_lint.tests.downstream.test_check_glyph_existence.CheckGlyphExistence.test_nbsp(): FAIL
bakery_lint.tests.downstream.test_check_glyph_existence.CheckGlyphExistence.test_space(): OK
bakery_lint.tests.downstream.test_check_nbsp_width_matches_sp_width.CheckNbspWidthMatchesSpWidth.test_check_nbsp_width_matches_sp_width(): FAIL
$ fontbakery-fix-nbsp.py /home/travis/build/fontdirectory/allerta/builds/build/AllertaStencil-Regular.ttf
$ mv /home/travis/build/fontdirectory/allerta/builds/build/AllertaStencil-Regular.ttf.fix /home/travis/build/fontdirectory/allerta/builds/build/AllertaStencil-Regular.ttf
bakery_lint.tests.downstream.test_check_nbsp_width_matches_sp_width.CheckNbspWidthMatchesSpWidth.test_check_nbsp_width_matches_sp_width(): FAIL
bakery_lint.tests.downstream.test_check_unused_glyph_data.CheckUnusedGlyphData.test_check_unused_glyph_data(): ERROR
bakery_lint.tests.downstream.test_check_license_included.CheckLicenseIncluded.test_license_included_in_font_names(): OK
bakery_lint.tests.downstream.test_check_fontname_matches_macstyle.CheckFontNameEqualToMacStyleFlags.test_fontname_is_equal_to_macstyle(): OK
bakery_lint.tests.downstream.test_gasp_table_value.CheckGaspTableType.test_check_gasp_table_type(): FAIL
$ fontbakery-fix-gasp.py --set=15 /home/travis/build/fontdirectory/allerta/builds/build/AllertaStencil-Regular.ttf
$ mv /home/travis/build/fontdirectory/allerta/builds/build/AllertaStencil-Regular.ttf.fix /home/travis/build/fontdirectory/allerta/builds/build/AllertaStencil-Regular.ttf
bakery_lint.tests.downstream.test_gasp_table_value.CheckGaspTableType.test_check_gasp_table_type(): OK
$ fontbakery-fix-gasp.py --set=15 /home/travis/build/fontdirectory/allerta/builds/build/AllertaStencil-Regular.ttf
$ mv /home/travis/build/fontdirectory/allerta/builds/build/AllertaStencil-Regular.ttf.fix /home/travis/build/fontdirectory/allerta/builds/build/AllertaStencil-Regular.ttf
bakery_lint.tests.downstream.test_check_font_agreements.CheckFsTypeIsNotSet.test_is_fstype_not_set(): OK
$ fontbakery-fix-fstype.py --autofix /home/travis/build/fontdirectory/allerta/builds/build/AllertaStencil-Regular.ttf
$ mv /home/travis/build/fontdirectory/allerta/builds/build/AllertaStencil-Regular.ttf.fix /home/travis/build/fontdirectory/allerta/builds/build/AllertaStencil-Regular.ttf
bakery_lint.tests.downstream.test_check_font_agreements.CheckFontAgreements.test_em_is_1000(): OK
bakery_lint.tests.downstream.test_check_font_agreements.CheckFontAgreements.test_font_is_font(): OK
bakery_lint.tests.downstream.test_check_font_agreements.CheckFontAgreements.test_latin_file_exists(): FAIL
bakery_lint.tests.downstream.test_check_font_agreements.CheckFontAgreements.test_menu_file_exists(): FAIL
### Optimize TTF AllertaStencil-Regular.ttf
$ ls -l 'AllertaStencil-Regular.ttf'* # look at the size savings of that subset process
AllertaStencil-Regular.ttf.opt: 18076 bytes
AllertaStencil-Regular.ttf: 19868 bytes
$ mv /home/travis/build/fontdirectory/allerta/builds/build/AllertaStencil-Regular.ttf.opt /home/travis/build/fontdirectory/allerta/builds/build/AllertaStencil-Regular.ttf
### Autohint TTFs (ttfautohint) AllertaStencil-Regular.ttf
$ ttfautohint -l 7 -r 28 -G 50 -x 13 -w "G" /home/travis/build/fontdirectory/allerta/builds/build/AllertaStencil-Regular.ttf '/home/travis/build/fontdirectory/allerta/builds/build/AllertaStencil-Regular.autohint.ttf'

$ ls -l /home/travis/build/fontdirectory/allerta/builds/build/AllertaStencil-Regular.*ttf # look at the size savings of that subset process
/home/travis/build/fontdirectory/allerta/builds/build/AllertaStencil-Regular.ttf: 18076 bytes
/home/travis/build/fontdirectory/allerta/builds/build/AllertaStencil-Regular.autohint.ttf: 32836 bytes
$ mv /home/travis/build/fontdirectory/allerta/builds/build/AllertaStencil-Regular.autohint.ttf /home/travis/build/fontdirectory/allerta/builds/build/AllertaStencil-Regular.ttf
### Subset TTFs (pyftsubset) AllertaStencil-Regular.ttf
$ pyftsubset AllertaStencil-Regular.latin
$ pyftsubset AllertaStencil-Regular.menu
strippedname:/home/travis/build/fontdirectory/allerta/builds/build/AllertaStencil-Regular.ttf
No nbsp glyph
spaceWidth is    268
nbspWidth is     0
AllertaStencil-Regular.ttf.fix made with spaceWidth and nbspWidth of 268
$ fontbakery-build-font2ttf.py sources/Allerta-Regular-TTF.sfd Allerta-Regular-TTF.ttf
Success: Generated OpenType-TTF (/home/travis/build/fontdirectory/allerta/builds/build/Allerta-Regular-TTF.ttf)
### Test Allerta-Regular-TTF.ttf
$ fontbakery-check.py result Allerta-Regular-TTF.ttf
bakery_lint.tests.downstream.test_names_are_ascii_only.CheckNamesAreASCIIOnly.test_check_names_are_ascii_only(): OK
bakery_lint.tests.downstream.test_check_full_font_name_begins_with_family_name.CheckFullFontNameBeginsWithFamilyName.test_check_full_font_name_begins_with_family_name(): OK
bakery_lint.tests.downstream.test_check_vertical_metrics.CheckVerticalLinegapMetrics.test_metrics_linegaps_are_zero(): OK
bakery_lint.tests.downstream.test_check_vertical_metrics.CheckVerticalAscentMetrics.test_metrics_ascents_equal_bbox(): OK
bakery_lint.tests.downstream.test_check_vertical_metrics.CheckVerticalDescentMetrics.test_metrics_descents_equal_bbox(): OK
bakery_lint.tests.downstream.test_check_italic_angle_agreement.CheckItalicAngleAgreement.test_check_italic_angle_agreement(): OK
The following table(s) in the font have been ignored by FontForge
  Ignoring 'DSIG' digital signature table
bakery_lint.tests.downstream.test_fontforge_validation_state.FontForgeValidateStateTest.test_allowed_numbers_paths_in_composite_glyphs(): OK
bakery_lint.tests.downstream.test_fontforge_validation_state.FontForgeValidateStateTest.test_allowed_numbers_paths_in_glyphs(): OK
bakery_lint.tests.downstream.test_fontforge_validation_state.FontForgeValidateStateTest.test_allowed_numbers_points_in_composite_glyphs(): OK
bakery_lint.tests.downstream.test_fontforge_validation_state.FontForgeValidateStateTest.test_allowed_numbers_points_in_glyphs(): OK
bakery_lint.tests.downstream.test_fontforge_validation_state.FontForgeValidateStateTest.test_duplicate_glyphs(): OK
bakery_lint.tests.downstream.test_fontforge_validation_state.FontForgeValidateStateTest.test_duplicate_unicode_codepoints(): OK
bakery_lint.tests.downstream.test_fontforge_validation_state.FontForgeValidateStateTest.test_flipped_reference_in_glyphs(): OK
bakery_lint.tests.downstream.test_fontforge_validation_state.FontForgeValidateStateTest.test_missing_anchors(): OK
bakery_lint.tests.downstream.test_fontforge_validation_state.FontForgeValidateStateTest.test_missing_extrema_in_glyphs(): FAIL
bakery_lint.tests.downstream.test_fontforge_validation_state.FontForgeValidateStateTest.test_overlapped_hints(): OK
bakery_lint.tests.downstream.test_fontforge_validation_state.FontForgeValidateStateTest.test_points_are_integer_aligned(): OK
bakery_lint.tests.downstream.test_fontforge_validation_state.FontForgeValidateStateTest.test_points_are_not_too_far_apart(): OK
bakery_lint.tests.downstream.test_fontforge_validation_state.FontForgeValidateStateTest.test_postscript_hasnt_limit_hints_in_glyphs(): OK
bakery_lint.tests.downstream.test_fontforge_validation_state.FontForgeValidateStateTest.test_postscript_hasnt_limit_points_in_glyphs(): OK
bakery_lint.tests.downstream.test_fontforge_validation_state.FontForgeValidateStateTest.test_referenced_glyphs_are_present(): OK
bakery_lint.tests.downstream.test_fontforge_validation_state.FontForgeValidateStateTest.test_valid_glyph_names(): OK
bakery_lint.tests.downstream.test_fontforge_validation_state.FontForgeValidateStateTest.test_valid_length_instructions(): OK
bakery_lint.tests.downstream.test_fontforge_validation_state.FontForgeValidateStateTest.test_validation_glyph_intersect(): FAIL
bakery_lint.tests.downstream.test_fontforge_validation_state.FontForgeValidateStateTest.test_validation_open_contours(): OK
bakery_lint.tests.downstream.test_fontforge_validation_state.FontForgeValidateStateTest.test_wrong_direction_in_glyphs(): OK
bakery_lint.tests.downstream.test_check_no_problematic_formats.CheckNoProblematicFormats.test_check_no_problematic_formats(): OK
bakery_lint.tests.downstream.test_check_upm_heights_less_120.TestCheckUPMHeightsLess120.test_check_upm_heigths_less_120(): FAIL
bakery_lint.tests.downstream.test_check_font_tables.CheckFontHasDsigTable.test_check_font_has_dsig_table(): OK
bakery_lint.tests.downstream.test_check_font_tables.CheckFontHasNotKernTable.test_no_kern_table_exists(): OK
bakery_lint.tests.downstream.test_check_os2_width_class.CheckOS2WidthClass.test_check_os2_width_class(): OK
bakery_lint.tests.downstream.test_check_glyf_table_length.CheckGlyfTableLength.test_check_glyf_table_length(): FAIL
bakery_lint.tests.downstream.test_check_name_table_recommendation.CheckStyleNameRecommendation.test_check_stylename_is_under_recommendations(): OK
bakery_lint.tests.downstream.test_check_name_table_recommendation.CheckOTFamilyNameRecommendation.test_check_opentype_familyname(): FAIL
$ fontbakery-fix-opentype-names.py /home/travis/build/fontdirectory/allerta/builds/build/Allerta-Regular-TTF.ttf
$ mv /home/travis/build/fontdirectory/allerta/builds/build/Allerta-Regular-TTF.ttf.fix /home/travis/build/fontdirectory/allerta/builds/build/Allerta-Regular-TTF.ttf
bakery_lint.tests.downstream.test_check_name_table_recommendation.CheckOTFamilyNameRecommendation.test_check_opentype_familyname(): OK
bakery_lint.tests.downstream.test_check_name_table_recommendation.CheckOTStyleNameRecommendation.test_check_opentype_stylename(): OK
bakery_lint.tests.downstream.test_check_name_table_recommendation.CheckOTFullNameRecommendation.test_check_opentype_fullname(): OK
bakery_lint.tests.downstream.test_check_hmtx_hhea_max_advance_width_agreement.CheckHmtxHheaMaxAdvanceWidthAgreement.test_check_hmtx_hhea_max_advance_width_agreement(): OK
bakery_lint.tests.downstream.test_gpos_table_has_kerning_info.CheckGposTableHasKerningInfo.test_gpos_table_has_kerning_info(): OK
bakery_lint.tests.downstream.test_check_names_same_across_platforms.CheckNamesSameAcrossPlatforms.test_check_names_same_across_platforms(): OK
bakery_lint.tests.downstream.test_check_panose_identification.CheckPanoseIdentification.test_check_panose_identification(): OK
bakery_lint.tests.downstream.test_check_unencoded_glyph.TestFontUnencodedGlyph.test_font_unencoded_glyphs(): FAIL
$ fontbakery-fix-glyph-private-encoding.py --autofix /home/travis/build/fontdirectory/allerta/builds/build/Allerta-Regular-TTF.ttf
$ mv /home/travis/build/fontdirectory/allerta/builds/build/Allerta-Regular-TTF.ttf.fix /home/travis/build/fontdirectory/allerta/builds/build/Allerta-Regular-TTF.ttf
bakery_lint.tests.downstream.test_check_unencoded_glyph.TestFontUnencodedGlyph.test_font_unencoded_glyphs(): FAIL
bakery_lint.tests.downstream.test_check_magic_prep_code.CheckMagicPREPByteCode.test_prep_magic_code(): FAIL
bakery_lint.tests.downstream.test_check_glyph_existence.CheckGlyphExistence.test_euro(): OK
bakery_lint.tests.downstream.test_check_glyph_existence.CheckGlyphExistence.test_nbsp(): OK
bakery_lint.tests.downstream.test_check_glyph_existence.CheckGlyphExistence.test_space(): OK
bakery_lint.tests.downstream.test_check_nbsp_width_matches_sp_width.CheckNbspWidthMatchesSpWidth.test_check_nbsp_width_matches_sp_width(): FAIL
$ fontbakery-fix-nbsp.py /home/travis/build/fontdirectory/allerta/builds/build/Allerta-Regular-TTF.ttf
$ mv /home/travis/build/fontdirectory/allerta/builds/build/Allerta-Regular-TTF.ttf.fix /home/travis/build/fontdirectory/allerta/builds/build/Allerta-Regular-TTF.ttf
bakery_lint.tests.downstream.test_check_nbsp_width_matches_sp_width.CheckNbspWidthMatchesSpWidth.test_check_nbsp_width_matches_sp_width(): FAIL
bakery_lint.tests.downstream.test_check_unused_glyph_data.CheckUnusedGlyphData.test_check_unused_glyph_data(): ERROR
bakery_lint.tests.downstream.test_check_license_included.CheckLicenseIncluded.test_license_included_in_font_names(): OK
bakery_lint.tests.downstream.test_check_fontname_matches_macstyle.CheckFontNameEqualToMacStyleFlags.test_fontname_is_equal_to_macstyle(): FAIL
bakery_lint.tests.downstream.test_gasp_table_value.CheckGaspTableType.test_check_gasp_table_type(): FAIL
$ fontbakery-fix-gasp.py --set=15 /home/travis/build/fontdirectory/allerta/builds/build/Allerta-Regular-TTF.ttf
$ mv /home/travis/build/fontdirectory/allerta/builds/build/Allerta-Regular-TTF.ttf.fix /home/travis/build/fontdirectory/allerta/builds/build/Allerta-Regular-TTF.ttf
bakery_lint.tests.downstream.test_gasp_table_value.CheckGaspTableType.test_check_gasp_table_type(): OK
$ fontbakery-fix-gasp.py --set=15 /home/travis/build/fontdirectory/allerta/builds/build/Allerta-Regular-TTF.ttf
$ mv /home/travis/build/fontdirectory/allerta/builds/build/Allerta-Regular-TTF.ttf.fix /home/travis/build/fontdirectory/allerta/builds/build/Allerta-Regular-TTF.ttf
bakery_lint.tests.downstream.test_check_font_agreements.CheckFsTypeIsNotSet.test_is_fstype_not_set(): OK
$ fontbakery-fix-fstype.py --autofix /home/travis/build/fontdirectory/allerta/builds/build/Allerta-Regular-TTF.ttf
$ mv /home/travis/build/fontdirectory/allerta/builds/build/Allerta-Regular-TTF.ttf.fix /home/travis/build/fontdirectory/allerta/builds/build/Allerta-Regular-TTF.ttf
bakery_lint.tests.downstream.test_check_font_agreements.CheckFontAgreements.test_em_is_1000(): FAIL
bakery_lint.tests.downstream.test_check_font_agreements.CheckFontAgreements.test_font_is_font(): OK
bakery_lint.tests.downstream.test_check_font_agreements.CheckFontAgreements.test_latin_file_exists(): FAIL
bakery_lint.tests.downstream.test_check_font_agreements.CheckFontAgreements.test_menu_file_exists(): FAIL
### Optimize TTF Allerta-Regular-TTF.ttf
$ ls -l 'Allerta-Regular-TTF.ttf'* # look at the size savings of that subset process
Allerta-Regular-TTF.ttf.opt: 16836 bytes
Allerta-Regular-TTF.ttf: 18524 bytes
$ mv /home/travis/build/fontdirectory/allerta/builds/build/Allerta-Regular-TTF.ttf.opt /home/travis/build/fontdirectory/allerta/builds/build/Allerta-Regular-TTF.ttf
### Autohint TTFs (ttfautohint) Allerta-Regular-TTF.ttf
$ ttfautohint -l 7 -r 28 -G 50 -x 13 -w "G" /home/travis/build/fontdirectory/allerta/builds/build/Allerta-Regular-TTF.ttf '/home/travis/build/fontdirectory/allerta/builds/build/Allerta-Regular-TTF.autohint.ttf'

$ ls -l /home/travis/build/fontdirectory/allerta/builds/build/Allerta-Regular-TTF.*ttf # look at the size savings of that subset process
/home/travis/build/fontdirectory/allerta/builds/build/Allerta-Regular-TTF.ttf: 16836 bytes
/home/travis/build/fontdirectory/allerta/builds/build/Allerta-Regular-TTF.autohint.ttf: 26340 bytes
$ mv /home/travis/build/fontdirectory/allerta/builds/build/Allerta-Regular-TTF.autohint.ttf /home/travis/build/fontdirectory/allerta/builds/build/Allerta-Regular-TTF.ttf
### Subset TTFs (pyftsubset) Allerta-Regular-TTF.ttf
$ pyftsubset Allerta-Regular-TTF.latin
$ pyftsubset Allerta-Regular-TTF.menu
strippedname:/home/travis/build/fontdirectory/allerta/builds/build/Allerta-Regular-TTF.ttf
spaceWidth is    274
nbspWidth is     274
Nothing to do
$ fontbakery-build-font2ttf.py sources/AllertaStencil-Regular.sfd AllertaStencil-Regular.ttf
Success: Generated OpenType-TTF (/home/travis/build/fontdirectory/allerta/builds/build/AllertaStencil-Regular.ttf)
### Test AllertaStencil-Regular.ttf
$ fontbakery-check.py result AllertaStencil-Regular.ttf
bakery_lint.tests.downstream.test_names_are_ascii_only.CheckNamesAreASCIIOnly.test_check_names_are_ascii_only(): OK
bakery_lint.tests.downstream.test_check_full_font_name_begins_with_family_name.CheckFullFontNameBeginsWithFamilyName.test_check_full_font_name_begins_with_family_name(): FAIL
bakery_lint.tests.downstream.test_check_vertical_metrics.CheckVerticalLinegapMetrics.test_metrics_linegaps_are_zero(): OK
bakery_lint.tests.downstream.test_check_vertical_metrics.CheckVerticalAscentMetrics.test_metrics_ascents_equal_bbox(): FAIL
$ fontbakery-fix-vertical-metrics.py --autofix /home/travis/build/fontdirectory/allerta/builds/build/AllertaStencil-Regular.ttf /home/travis/build/fontdirectory/allerta/builds/build/Allerta-Regular-TTF.ttf /home/travis/build/fontdirectory/allerta/builds/build/Allerta-Regular.ttf /home/travis/build/fontdirectory/allerta/builds/build/Allerta-Stencil.ttf /home/travis/build/fontdirectory/allerta/builds/build/Allerta-Medium.ttf
$ mv /home/travis/build/fontdirectory/allerta/builds/build/AllertaStencil-Regular.ttf.fix /home/travis/build/fontdirectory/allerta/builds/build/AllertaStencil-Regular.ttf
$ mv /home/travis/build/fontdirectory/allerta/builds/build/Allerta-Regular-TTF.ttf.fix /home/travis/build/fontdirectory/allerta/builds/build/Allerta-Regular-TTF.ttf
$ mv /home/travis/build/fontdirectory/allerta/builds/build/Allerta-Regular.ttf.fix /home/travis/build/fontdirectory/allerta/builds/build/Allerta-Regular.ttf
$ mv /home/travis/build/fontdirectory/allerta/builds/build/Allerta-Stencil.ttf.fix /home/travis/build/fontdirectory/allerta/builds/build/Allerta-Stencil.ttf
$ mv /home/travis/build/fontdirectory/allerta/builds/build/Allerta-Medium.ttf.fix /home/travis/build/fontdirectory/allerta/builds/build/Allerta-Medium.ttf
$ fontbakery-fix-vertical-metrics.py /home/travis/build/fontdirectory/allerta/builds/build/AllertaStencil-Regular.ttf /home/travis/build/fontdirectory/allerta/builds/build/Allerta-Regular-TTF.ttf /home/travis/build/fontdirectory/allerta/builds/build/Allerta-Regular.ttf /home/travis/build/fontdirectory/allerta/builds/build/Allerta-Stencil.ttf /home/travis/build/fontdirectory/allerta/builds/build/Allerta-Medium.ttf
Parameter              AllertaStencil-Regular.ttf    Allerta-Regular-TTF.ttf    Allerta-Regular.ttf    Allerta-Stencil.ttf    Allerta-Medium.ttf    
ymax                   1030                          1057                       1057                   1055                   1057                  
hhea.ascent            1057                          1057                       1057                   1057                   1057                  
OS/2.sTypoAscender     1057                          1057                       1057                   1057                   1057                  
OS/2.usWinAscent       1057                          1057                       1057                   1057                   1057                  
ymin                   -246                          -252                       -252                   -252                   -252                  
hhea.descent           -252                          -252                       -252                   -252                   -252                  
OS/2.sTypoDescender    -252                          -252                       -252                   -252                   -252                  
OS/2.usWinDescent      252                           252                        252                    252                    252                   
hhea.lineGap           0                             0                          0                      0                      0                     
OS/2.sTypoLineGap      0                             0                          0                      0                      0                     
hhea total             1309                          1309                       1309                   1309                   1309                  
typo total             1309                          1309                       1309                   1309                   1309                  
win total              1309                          1309                       1309                   1309                   1309                  
UPM:Heights            1000:1276                     1024:1309                  1024:1309              1024:1307              1024:1309             
UPM:Heights %          127 %                         127 %                      127 %                  127 %                  127 %                 


bakery_lint.tests.downstream.test_check_vertical_metrics.CheckVerticalAscentMetrics.test_metrics_ascents_equal_bbox(): OK
bakery_lint.tests.downstream.test_check_vertical_metrics.CheckVerticalDescentMetrics.test_metrics_descents_equal_bbox(): OK
bakery_lint.tests.downstream.test_check_italic_angle_agreement.CheckItalicAngleAgreement.test_check_italic_angle_agreement(): OK
The following table(s) in the font have been ignored by FontForge
  Ignoring 'DSIG' digital signature table
bakery_lint.tests.downstream.test_fontforge_validation_state.FontForgeValidateStateTest.test_allowed_numbers_paths_in_composite_glyphs(): OK
bakery_lint.tests.downstream.test_fontforge_validation_state.FontForgeValidateStateTest.test_allowed_numbers_paths_in_glyphs(): OK
bakery_lint.tests.downstream.test_fontforge_validation_state.FontForgeValidateStateTest.test_allowed_numbers_points_in_composite_glyphs(): OK
bakery_lint.tests.downstream.test_fontforge_validation_state.FontForgeValidateStateTest.test_allowed_numbers_points_in_glyphs(): OK
bakery_lint.tests.downstream.test_fontforge_validation_state.FontForgeValidateStateTest.test_duplicate_glyphs(): OK
bakery_lint.tests.downstream.test_fontforge_validation_state.FontForgeValidateStateTest.test_duplicate_unicode_codepoints(): OK
bakery_lint.tests.downstream.test_fontforge_validation_state.FontForgeValidateStateTest.test_flipped_reference_in_glyphs(): OK
bakery_lint.tests.downstream.test_fontforge_validation_state.FontForgeValidateStateTest.test_missing_anchors(): OK
bakery_lint.tests.downstream.test_fontforge_validation_state.FontForgeValidateStateTest.test_missing_extrema_in_glyphs(): FAIL
bakery_lint.tests.downstream.test_fontforge_validation_state.FontForgeValidateStateTest.test_overlapped_hints(): OK
bakery_lint.tests.downstream.test_fontforge_validation_state.FontForgeValidateStateTest.test_points_are_integer_aligned(): OK
bakery_lint.tests.downstream.test_fontforge_validation_state.FontForgeValidateStateTest.test_points_are_not_too_far_apart(): OK
bakery_lint.tests.downstream.test_fontforge_validation_state.FontForgeValidateStateTest.test_postscript_hasnt_limit_hints_in_glyphs(): OK
bakery_lint.tests.downstream.test_fontforge_validation_state.FontForgeValidateStateTest.test_postscript_hasnt_limit_points_in_glyphs(): OK
bakery_lint.tests.downstream.test_fontforge_validation_state.FontForgeValidateStateTest.test_referenced_glyphs_are_present(): OK
bakery_lint.tests.downstream.test_fontforge_validation_state.FontForgeValidateStateTest.test_valid_glyph_names(): OK
bakery_lint.tests.downstream.test_fontforge_validation_state.FontForgeValidateStateTest.test_valid_length_instructions(): OK
bakery_lint.tests.downstream.test_fontforge_validation_state.FontForgeValidateStateTest.test_validation_glyph_intersect(): FAIL
bakery_lint.tests.downstream.test_fontforge_validation_state.FontForgeValidateStateTest.test_validation_open_contours(): OK
bakery_lint.tests.downstream.test_fontforge_validation_state.FontForgeValidateStateTest.test_wrong_direction_in_glyphs(): OK
bakery_lint.tests.downstream.test_check_no_problematic_formats.CheckNoProblematicFormats.test_check_no_problematic_formats(): OK
bakery_lint.tests.downstream.test_check_upm_heights_less_120.TestCheckUPMHeightsLess120.test_check_upm_heigths_less_120(): FAIL
bakery_lint.tests.downstream.test_check_font_tables.CheckFontHasDsigTable.test_check_font_has_dsig_table(): OK
bakery_lint.tests.downstream.test_check_font_tables.CheckFontHasNotKernTable.test_no_kern_table_exists(): OK
bakery_lint.tests.downstream.test_check_os2_width_class.CheckOS2WidthClass.test_check_os2_width_class(): OK
bakery_lint.tests.downstream.test_check_glyf_table_length.CheckGlyfTableLength.test_check_glyf_table_length(): FAIL
bakery_lint.tests.downstream.test_check_name_table_recommendation.CheckStyleNameRecommendation.test_check_stylename_is_under_recommendations(): OK
bakery_lint.tests.downstream.test_check_name_table_recommendation.CheckOTFamilyNameRecommendation.test_check_opentype_familyname(): FAIL
$ fontbakery-fix-opentype-names.py /home/travis/build/fontdirectory/allerta/builds/build/AllertaStencil-Regular.ttf
$ mv /home/travis/build/fontdirectory/allerta/builds/build/AllertaStencil-Regular.ttf.fix /home/travis/build/fontdirectory/allerta/builds/build/AllertaStencil-Regular.ttf
bakery_lint.tests.downstream.test_check_name_table_recommendation.CheckOTFamilyNameRecommendation.test_check_opentype_familyname(): OK
bakery_lint.tests.downstream.test_check_name_table_recommendation.CheckOTStyleNameRecommendation.test_check_opentype_stylename(): OK
bakery_lint.tests.downstream.test_check_name_table_recommendation.CheckOTFullNameRecommendation.test_check_opentype_fullname(): OK
bakery_lint.tests.downstream.test_check_hmtx_hhea_max_advance_width_agreement.CheckHmtxHheaMaxAdvanceWidthAgreement.test_check_hmtx_hhea_max_advance_width_agreement(): OK
bakery_lint.tests.downstream.test_gpos_table_has_kerning_info.CheckGposTableHasKerningInfo.test_gpos_table_has_kerning_info(): OK
bakery_lint.tests.downstream.test_check_names_same_across_platforms.CheckNamesSameAcrossPlatforms.test_check_names_same_across_platforms(): OK
bakery_lint.tests.downstream.test_check_panose_identification.CheckPanoseIdentification.test_check_panose_identification(): OK
bakery_lint.tests.downstream.test_check_unencoded_glyph.TestFontUnencodedGlyph.test_font_unencoded_glyphs(): FAIL
$ fontbakery-fix-glyph-private-encoding.py --autofix /home/travis/build/fontdirectory/allerta/builds/build/AllertaStencil-Regular.ttf
$ mv /home/travis/build/fontdirectory/allerta/builds/build/AllertaStencil-Regular.ttf.fix /home/travis/build/fontdirectory/allerta/builds/build/AllertaStencil-Regular.ttf
bakery_lint.tests.downstream.test_check_unencoded_glyph.TestFontUnencodedGlyph.test_font_unencoded_glyphs(): FAIL
bakery_lint.tests.downstream.test_check_magic_prep_code.CheckMagicPREPByteCode.test_prep_magic_code(): FAIL
bakery_lint.tests.downstream.test_check_glyph_existence.CheckGlyphExistence.test_euro(): OK
bakery_lint.tests.downstream.test_check_glyph_existence.CheckGlyphExistence.test_nbsp(): FAIL
bakery_lint.tests.downstream.test_check_glyph_existence.CheckGlyphExistence.test_space(): OK
bakery_lint.tests.downstream.test_check_nbsp_width_matches_sp_width.CheckNbspWidthMatchesSpWidth.test_check_nbsp_width_matches_sp_width(): FAIL
$ fontbakery-fix-nbsp.py /home/travis/build/fontdirectory/allerta/builds/build/AllertaStencil-Regular.ttf
$ mv /home/travis/build/fontdirectory/allerta/builds/build/AllertaStencil-Regular.ttf.fix /home/travis/build/fontdirectory/allerta/builds/build/AllertaStencil-Regular.ttf
bakery_lint.tests.downstream.test_check_nbsp_width_matches_sp_width.CheckNbspWidthMatchesSpWidth.test_check_nbsp_width_matches_sp_width(): FAIL
bakery_lint.tests.downstream.test_check_unused_glyph_data.CheckUnusedGlyphData.test_check_unused_glyph_data(): ERROR
bakery_lint.tests.downstream.test_check_license_included.CheckLicenseIncluded.test_license_included_in_font_names(): OK
bakery_lint.tests.downstream.test_check_fontname_matches_macstyle.CheckFontNameEqualToMacStyleFlags.test_fontname_is_equal_to_macstyle(): OK
bakery_lint.tests.downstream.test_gasp_table_value.CheckGaspTableType.test_check_gasp_table_type(): FAIL
$ fontbakery-fix-gasp.py --set=15 /home/travis/build/fontdirectory/allerta/builds/build/AllertaStencil-Regular.ttf
$ mv /home/travis/build/fontdirectory/allerta/builds/build/AllertaStencil-Regular.ttf.fix /home/travis/build/fontdirectory/allerta/builds/build/AllertaStencil-Regular.ttf
bakery_lint.tests.downstream.test_gasp_table_value.CheckGaspTableType.test_check_gasp_table_type(): OK
$ fontbakery-fix-gasp.py --set=15 /home/travis/build/fontdirectory/allerta/builds/build/AllertaStencil-Regular.ttf
$ mv /home/travis/build/fontdirectory/allerta/builds/build/AllertaStencil-Regular.ttf.fix /home/travis/build/fontdirectory/allerta/builds/build/AllertaStencil-Regular.ttf
bakery_lint.tests.downstream.test_check_font_agreements.CheckFsTypeIsNotSet.test_is_fstype_not_set(): OK
$ fontbakery-fix-fstype.py --autofix /home/travis/build/fontdirectory/allerta/builds/build/AllertaStencil-Regular.ttf
$ mv /home/travis/build/fontdirectory/allerta/builds/build/AllertaStencil-Regular.ttf.fix /home/travis/build/fontdirectory/allerta/builds/build/AllertaStencil-Regular.ttf
bakery_lint.tests.downstream.test_check_font_agreements.CheckFontAgreements.test_em_is_1000(): OK
bakery_lint.tests.downstream.test_check_font_agreements.CheckFontAgreements.test_font_is_font(): OK
bakery_lint.tests.downstream.test_check_font_agreements.CheckFontAgreements.test_latin_file_exists(): OK
bakery_lint.tests.downstream.test_check_font_agreements.CheckFontAgreements.test_menu_file_exists(): OK
### Optimize TTF AllertaStencil-Regular.ttf
$ ls -l 'AllertaStencil-Regular.ttf'* # look at the size savings of that subset process
AllertaStencil-Regular.ttf.opt: 18076 bytes
AllertaStencil-Regular.ttf: 19868 bytes
$ mv /home/travis/build/fontdirectory/allerta/builds/build/AllertaStencil-Regular.ttf.opt /home/travis/build/fontdirectory/allerta/builds/build/AllertaStencil-Regular.ttf
### Autohint TTFs (ttfautohint) AllertaStencil-Regular.ttf
$ ttfautohint -l 7 -r 28 -G 50 -x 13 -w "G" /home/travis/build/fontdirectory/allerta/builds/build/AllertaStencil-Regular.ttf '/home/travis/build/fontdirectory/allerta/builds/build/AllertaStencil-Regular.autohint.ttf'

$ ls -l /home/travis/build/fontdirectory/allerta/builds/build/AllertaStencil-Regular.*ttf # look at the size savings of that subset process
/home/travis/build/fontdirectory/allerta/builds/build/AllertaStencil-Regular.ttf: 18076 bytes
/home/travis/build/fontdirectory/allerta/builds/build/AllertaStencil-Regular.autohint.ttf: 32836 bytes
$ mv /home/travis/build/fontdirectory/allerta/builds/build/AllertaStencil-Regular.autohint.ttf /home/travis/build/fontdirectory/allerta/builds/build/AllertaStencil-Regular.ttf
### Subset TTFs (pyftsubset) AllertaStencil-Regular.ttf
$ pyftsubset AllertaStencil-Regular.latin
$ pyftsubset AllertaStencil-Regular.menu
strippedname:/home/travis/build/fontdirectory/allerta/builds/build/AllertaStencil-Regular.ttf
No nbsp glyph
spaceWidth is    268
nbspWidth is     0
AllertaStencil-Regular.ttf.fix made with spaceWidth and nbspWidth of 268
$ fontbakery-build-font2ttf.py sources/AllertaStencil-Regular-TTF.sfd AllertaStencil-Regular-TTF.ttf
Success: Generated OpenType-TTF (/home/travis/build/fontdirectory/allerta/builds/build/AllertaStencil-Regular-TTF.ttf)
### Test AllertaStencil-Regular-TTF.ttf
$ fontbakery-check.py result AllertaStencil-Regular-TTF.ttf
bakery_lint.tests.downstream.test_names_are_ascii_only.CheckNamesAreASCIIOnly.test_check_names_are_ascii_only(): OK
bakery_lint.tests.downstream.test_check_full_font_name_begins_with_family_name.CheckFullFontNameBeginsWithFamilyName.test_check_full_font_name_begins_with_family_name(): OK
bakery_lint.tests.downstream.test_check_vertical_metrics.CheckVerticalLinegapMetrics.test_metrics_linegaps_are_zero(): OK
bakery_lint.tests.downstream.test_check_vertical_metrics.CheckVerticalAscentMetrics.test_metrics_ascents_equal_bbox(): OK
bakery_lint.tests.downstream.test_check_vertical_metrics.CheckVerticalDescentMetrics.test_metrics_descents_equal_bbox(): OK
bakery_lint.tests.downstream.test_check_italic_angle_agreement.CheckItalicAngleAgreement.test_check_italic_angle_agreement(): OK
The following table(s) in the font have been ignored by FontForge
  Ignoring 'DSIG' digital signature table
bakery_lint.tests.downstream.test_fontforge_validation_state.FontForgeValidateStateTest.test_allowed_numbers_paths_in_composite_glyphs(): OK
bakery_lint.tests.downstream.test_fontforge_validation_state.FontForgeValidateStateTest.test_allowed_numbers_paths_in_glyphs(): OK
bakery_lint.tests.downstream.test_fontforge_validation_state.FontForgeValidateStateTest.test_allowed_numbers_points_in_composite_glyphs(): OK
bakery_lint.tests.downstream.test_fontforge_validation_state.FontForgeValidateStateTest.test_allowed_numbers_points_in_glyphs(): OK
bakery_lint.tests.downstream.test_fontforge_validation_state.FontForgeValidateStateTest.test_duplicate_glyphs(): OK
bakery_lint.tests.downstream.test_fontforge_validation_state.FontForgeValidateStateTest.test_duplicate_unicode_codepoints(): OK
bakery_lint.tests.downstream.test_fontforge_validation_state.FontForgeValidateStateTest.test_flipped_reference_in_glyphs(): OK
bakery_lint.tests.downstream.test_fontforge_validation_state.FontForgeValidateStateTest.test_missing_anchors(): OK
bakery_lint.tests.downstream.test_fontforge_validation_state.FontForgeValidateStateTest.test_missing_extrema_in_glyphs(): FAIL
bakery_lint.tests.downstream.test_fontforge_validation_state.FontForgeValidateStateTest.test_overlapped_hints(): OK
bakery_lint.tests.downstream.test_fontforge_validation_state.FontForgeValidateStateTest.test_points_are_integer_aligned(): OK
bakery_lint.tests.downstream.test_fontforge_validation_state.FontForgeValidateStateTest.test_points_are_not_too_far_apart(): OK
bakery_lint.tests.downstream.test_fontforge_validation_state.FontForgeValidateStateTest.test_postscript_hasnt_limit_hints_in_glyphs(): OK
bakery_lint.tests.downstream.test_fontforge_validation_state.FontForgeValidateStateTest.test_postscript_hasnt_limit_points_in_glyphs(): OK
bakery_lint.tests.downstream.test_fontforge_validation_state.FontForgeValidateStateTest.test_referenced_glyphs_are_present(): OK
bakery_lint.tests.downstream.test_fontforge_validation_state.FontForgeValidateStateTest.test_valid_glyph_names(): OK
bakery_lint.tests.downstream.test_fontforge_validation_state.FontForgeValidateStateTest.test_valid_length_instructions(): OK
bakery_lint.tests.downstream.test_fontforge_validation_state.FontForgeValidateStateTest.test_validation_glyph_intersect(): FAIL
bakery_lint.tests.downstream.test_fontforge_validation_state.FontForgeValidateStateTest.test_validation_open_contours(): OK
bakery_lint.tests.downstream.test_fontforge_validation_state.FontForgeValidateStateTest.test_wrong_direction_in_glyphs(): OK
bakery_lint.tests.downstream.test_check_no_problematic_formats.CheckNoProblematicFormats.test_check_no_problematic_formats(): OK
bakery_lint.tests.downstream.test_check_upm_heights_less_120.TestCheckUPMHeightsLess120.test_check_upm_heigths_less_120(): FAIL
bakery_lint.tests.downstream.test_check_font_tables.CheckFontHasDsigTable.test_check_font_has_dsig_table(): OK
bakery_lint.tests.downstream.test_check_font_tables.CheckFontHasNotKernTable.test_no_kern_table_exists(): OK
bakery_lint.tests.downstream.test_check_os2_width_class.CheckOS2WidthClass.test_check_os2_width_class(): OK
bakery_lint.tests.downstream.test_check_glyf_table_length.CheckGlyfTableLength.test_check_glyf_table_length(): FAIL
bakery_lint.tests.downstream.test_check_name_table_recommendation.CheckStyleNameRecommendation.test_check_stylename_is_under_recommendations(): OK
bakery_lint.tests.downstream.test_check_name_table_recommendation.CheckOTFamilyNameRecommendation.test_check_opentype_familyname(): FAIL
$ fontbakery-fix-opentype-names.py /home/travis/build/fontdirectory/allerta/builds/build/AllertaStencil-Regular-TTF.ttf
$ mv /home/travis/build/fontdirectory/allerta/builds/build/AllertaStencil-Regular-TTF.ttf.fix /home/travis/build/fontdirectory/allerta/builds/build/AllertaStencil-Regular-TTF.ttf
bakery_lint.tests.downstream.test_check_name_table_recommendation.CheckOTFamilyNameRecommendation.test_check_opentype_familyname(): OK
bakery_lint.tests.downstream.test_check_name_table_recommendation.CheckOTStyleNameRecommendation.test_check_opentype_stylename(): OK
bakery_lint.tests.downstream.test_check_name_table_recommendation.CheckOTFullNameRecommendation.test_check_opentype_fullname(): OK
bakery_lint.tests.downstream.test_check_hmtx_hhea_max_advance_width_agreement.CheckHmtxHheaMaxAdvanceWidthAgreement.test_check_hmtx_hhea_max_advance_width_agreement(): OK
bakery_lint.tests.downstream.test_gpos_table_has_kerning_info.CheckGposTableHasKerningInfo.test_gpos_table_has_kerning_info(): OK
bakery_lint.tests.downstream.test_check_names_same_across_platforms.CheckNamesSameAcrossPlatforms.test_check_names_same_across_platforms(): OK
bakery_lint.tests.downstream.test_check_panose_identification.CheckPanoseIdentification.test_check_panose_identification(): OK
bakery_lint.tests.downstream.test_check_unencoded_glyph.TestFontUnencodedGlyph.test_font_unencoded_glyphs(): FAIL
$ fontbakery-fix-glyph-private-encoding.py --autofix /home/travis/build/fontdirectory/allerta/builds/build/AllertaStencil-Regular-TTF.ttf
$ mv /home/travis/build/fontdirectory/allerta/builds/build/AllertaStencil-Regular-TTF.ttf.fix /home/travis/build/fontdirectory/allerta/builds/build/AllertaStencil-Regular-TTF.ttf
bakery_lint.tests.downstream.test_check_unencoded_glyph.TestFontUnencodedGlyph.test_font_unencoded_glyphs(): FAIL
bakery_lint.tests.downstream.test_check_magic_prep_code.CheckMagicPREPByteCode.test_prep_magic_code(): FAIL
bakery_lint.tests.downstream.test_check_glyph_existence.CheckGlyphExistence.test_euro(): OK
bakery_lint.tests.downstream.test_check_glyph_existence.CheckGlyphExistence.test_nbsp(): OK
bakery_lint.tests.downstream.test_check_glyph_existence.CheckGlyphExistence.test_space(): OK
bakery_lint.tests.downstream.test_check_nbsp_width_matches_sp_width.CheckNbspWidthMatchesSpWidth.test_check_nbsp_width_matches_sp_width(): FAIL
$ fontbakery-fix-nbsp.py /home/travis/build/fontdirectory/allerta/builds/build/AllertaStencil-Regular-TTF.ttf
$ mv /home/travis/build/fontdirectory/allerta/builds/build/AllertaStencil-Regular-TTF.ttf.fix /home/travis/build/fontdirectory/allerta/builds/build/AllertaStencil-Regular-TTF.ttf
bakery_lint.tests.downstream.test_check_nbsp_width_matches_sp_width.CheckNbspWidthMatchesSpWidth.test_check_nbsp_width_matches_sp_width(): FAIL
bakery_lint.tests.downstream.test_check_unused_glyph_data.CheckUnusedGlyphData.test_check_unused_glyph_data(): ERROR
bakery_lint.tests.downstream.test_check_license_included.CheckLicenseIncluded.test_license_included_in_font_names(): OK
bakery_lint.tests.downstream.test_check_fontname_matches_macstyle.CheckFontNameEqualToMacStyleFlags.test_fontname_is_equal_to_macstyle(): FAIL
bakery_lint.tests.downstream.test_gasp_table_value.CheckGaspTableType.test_check_gasp_table_type(): FAIL
$ fontbakery-fix-gasp.py --set=15 /home/travis/build/fontdirectory/allerta/builds/build/AllertaStencil-Regular-TTF.ttf
$ mv /home/travis/build/fontdirectory/allerta/builds/build/AllertaStencil-Regular-TTF.ttf.fix /home/travis/build/fontdirectory/allerta/builds/build/AllertaStencil-Regular-TTF.ttf
bakery_lint.tests.downstream.test_gasp_table_value.CheckGaspTableType.test_check_gasp_table_type(): OK
$ fontbakery-fix-gasp.py --set=15 /home/travis/build/fontdirectory/allerta/builds/build/AllertaStencil-Regular-TTF.ttf
$ mv /home/travis/build/fontdirectory/allerta/builds/build/AllertaStencil-Regular-TTF.ttf.fix /home/travis/build/fontdirectory/allerta/builds/build/AllertaStencil-Regular-TTF.ttf
bakery_lint.tests.downstream.test_check_font_agreements.CheckFsTypeIsNotSet.test_is_fstype_not_set(): OK
$ fontbakery-fix-fstype.py --autofix /home/travis/build/fontdirectory/allerta/builds/build/AllertaStencil-Regular-TTF.ttf
$ mv /home/travis/build/fontdirectory/allerta/builds/build/AllertaStencil-Regular-TTF.ttf.fix /home/travis/build/fontdirectory/allerta/builds/build/AllertaStencil-Regular-TTF.ttf
bakery_lint.tests.downstream.test_check_font_agreements.CheckFontAgreements.test_em_is_1000(): FAIL
bakery_lint.tests.downstream.test_check_font_agreements.CheckFontAgreements.test_font_is_font(): OK
bakery_lint.tests.downstream.test_check_font_agreements.CheckFontAgreements.test_latin_file_exists(): FAIL
bakery_lint.tests.downstream.test_check_font_agreements.CheckFontAgreements.test_menu_file_exists(): FAIL
### Optimize TTF AllertaStencil-Regular-TTF.ttf
$ ls -l 'AllertaStencil-Regular-TTF.ttf'* # look at the size savings of that subset process
AllertaStencil-Regular-TTF.ttf.opt: 17364 bytes
AllertaStencil-Regular-TTF.ttf: 19144 bytes
$ mv /home/travis/build/fontdirectory/allerta/builds/build/AllertaStencil-Regular-TTF.ttf.opt /home/travis/build/fontdirectory/allerta/builds/build/AllertaStencil-Regular-TTF.ttf
### Autohint TTFs (ttfautohint) AllertaStencil-Regular-TTF.ttf
$ ttfautohint -l 7 -r 28 -G 50 -x 13 -w "G" /home/travis/build/fontdirectory/allerta/builds/build/AllertaStencil-Regular-TTF.ttf '/home/travis/build/fontdirectory/allerta/builds/build/AllertaStencil-Regular-TTF.autohint.ttf'

$ ls -l /home/travis/build/fontdirectory/allerta/builds/build/AllertaStencil-Regular-TTF.*ttf # look at the size savings of that subset process
/home/travis/build/fontdirectory/allerta/builds/build/AllertaStencil-Regular-TTF.ttf: 17364 bytes
/home/travis/build/fontdirectory/allerta/builds/build/AllertaStencil-Regular-TTF.autohint.ttf: 27584 bytes
$ mv /home/travis/build/fontdirectory/allerta/builds/build/AllertaStencil-Regular-TTF.autohint.ttf /home/travis/build/fontdirectory/allerta/builds/build/AllertaStencil-Regular-TTF.ttf
### Subset TTFs (pyftsubset) AllertaStencil-Regular-TTF.ttf
$ pyftsubset AllertaStencil-Regular-TTF.latin
$ pyftsubset AllertaStencil-Regular-TTF.menu
strippedname:/home/travis/build/fontdirectory/allerta/builds/build/AllertaStencil-Regular-TTF.ttf
spaceWidth is    274
nbspWidth is     274
Nothing to do
$ fontbakery-build-font2ttf.py sources/Allerta-Regular.sfd Allerta-Regular.ttf
Internal Error (overlap) in man: Winding number did not return to 0 when y=381
Internal Error (overlap) in man: Humph. This monotonic leads nowhere (303,581)->(362,537).
Internal Error (overlap) in man: couldn't find a needed exit from an intersection
Internal Error (overlap) in man: Humph. This monotonic leads nowhere (159,581)->(303,581).
Internal Error (overlap) in man: couldn't find a needed exit from an intersection
Success: Generated OpenType-TTF (/home/travis/build/fontdirectory/allerta/builds/build/Allerta-Regular.ttf)
### Test Allerta-Regular.ttf
$ fontbakery-check.py result Allerta-Regular.ttf
bakery_lint.tests.downstream.test_names_are_ascii_only.CheckNamesAreASCIIOnly.test_check_names_are_ascii_only(): OK
bakery_lint.tests.downstream.test_check_full_font_name_begins_with_family_name.CheckFullFontNameBeginsWithFamilyName.test_check_full_font_name_begins_with_family_name(): OK
bakery_lint.tests.downstream.test_check_vertical_metrics.CheckVerticalLinegapMetrics.test_metrics_linegaps_are_zero(): OK
bakery_lint.tests.downstream.test_check_vertical_metrics.CheckVerticalAscentMetrics.test_metrics_ascents_equal_bbox(): FAIL
$ fontbakery-fix-vertical-metrics.py --autofix /home/travis/build/fontdirectory/allerta/builds/build/AllertaStencil-Regular.ttf /home/travis/build/fontdirectory/allerta/builds/build/Allerta-Regular-TTF.ttf /home/travis/build/fontdirectory/allerta/builds/build/Allerta-Regular.ttf /home/travis/build/fontdirectory/allerta/builds/build/Allerta-Stencil.ttf /home/travis/build/fontdirectory/allerta/builds/build/Allerta-Medium.ttf /home/travis/build/fontdirectory/allerta/builds/build/AllertaStencil-Regular-TTF.ttf
$ mv /home/travis/build/fontdirectory/allerta/builds/build/AllertaStencil-Regular.ttf.fix /home/travis/build/fontdirectory/allerta/builds/build/AllertaStencil-Regular.ttf
$ mv /home/travis/build/fontdirectory/allerta/builds/build/Allerta-Regular-TTF.ttf.fix /home/travis/build/fontdirectory/allerta/builds/build/Allerta-Regular-TTF.ttf
$ mv /home/travis/build/fontdirectory/allerta/builds/build/Allerta-Regular.ttf.fix /home/travis/build/fontdirectory/allerta/builds/build/Allerta-Regular.ttf
$ mv /home/travis/build/fontdirectory/allerta/builds/build/Allerta-Stencil.ttf.fix /home/travis/build/fontdirectory/allerta/builds/build/Allerta-Stencil.ttf
$ mv /home/travis/build/fontdirectory/allerta/builds/build/Allerta-Medium.ttf.fix /home/travis/build/fontdirectory/allerta/builds/build/Allerta-Medium.ttf
$ mv /home/travis/build/fontdirectory/allerta/builds/build/AllertaStencil-Regular-TTF.ttf.fix /home/travis/build/fontdirectory/allerta/builds/build/AllertaStencil-Regular-TTF.ttf
$ fontbakery-fix-vertical-metrics.py /home/travis/build/fontdirectory/allerta/builds/build/AllertaStencil-Regular.ttf /home/travis/build/fontdirectory/allerta/builds/build/Allerta-Regular-TTF.ttf /home/travis/build/fontdirectory/allerta/builds/build/Allerta-Regular.ttf /home/travis/build/fontdirectory/allerta/builds/build/Allerta-Stencil.ttf /home/travis/build/fontdirectory/allerta/builds/build/Allerta-Medium.ttf /home/travis/build/fontdirectory/allerta/builds/build/AllertaStencil-Regular-TTF.ttf
Parameter              AllertaStencil-Regular.ttf    Allerta-Regular-TTF.ttf    Allerta-Regular.ttf    Allerta-Stencil.ttf    Allerta-Medium.ttf    AllertaStencil-Regular-TTF.ttf    
ymax                   1030                          1057                       1032                   1055                   1057                  1055                              
hhea.ascent            1057                          1057                       1057                   1057                   1057                  1057                              
OS/2.sTypoAscender     1057                          1057                       1057                   1057                   1057                  1057                              
OS/2.usWinAscent       1057                          1057                       1057                   1057                   1057                  1057                              
ymin                   -246                          -252                       -246                   -252                   -252                  -252                              
hhea.descent           -252                          -252                       -252                   -252                   -252                  -252                              
OS/2.sTypoDescender    -252                          -252                       -252                   -252                   -252                  -252                              
OS/2.usWinDescent      252                           252                        252                    252                    252                   252                               
hhea.lineGap           0                             0                          0                      0                      0                     0                                 
OS/2.sTypoLineGap      0                             0                          0                      0                      0                     0                                 
hhea total             1309                          1309                       1309                   1309                   1309                  1309                              
typo total             1309                          1309                       1309                   1309                   1309                  1309                              
win total              1309                          1309                       1309                   1309                   1309                  1309                              
UPM:Heights            1000:1276                     1024:1309                  1000:1278              1024:1307              1024:1309             1024:1307                         
UPM:Heights %          127 %                         127 %                      127 %                  127 %                  127 %                 127 %                             


bakery_lint.tests.downstream.test_check_vertical_metrics.CheckVerticalAscentMetrics.test_metrics_ascents_equal_bbox(): OK
bakery_lint.tests.downstream.test_check_vertical_metrics.CheckVerticalDescentMetrics.test_metrics_descents_equal_bbox(): OK
bakery_lint.tests.downstream.test_check_italic_angle_agreement.CheckItalicAngleAgreement.test_check_italic_angle_agreement(): OK
The following table(s) in the font have been ignored by FontForge
  Ignoring 'DSIG' digital signature table
bakery_lint.tests.downstream.test_fontforge_validation_state.FontForgeValidateStateTest.test_allowed_numbers_paths_in_composite_glyphs(): OK
bakery_lint.tests.downstream.test_fontforge_validation_state.FontForgeValidateStateTest.test_allowed_numbers_paths_in_glyphs(): OK
bakery_lint.tests.downstream.test_fontforge_validation_state.FontForgeValidateStateTest.test_allowed_numbers_points_in_composite_glyphs(): OK
bakery_lint.tests.downstream.test_fontforge_validation_state.FontForgeValidateStateTest.test_allowed_numbers_points_in_glyphs(): OK
bakery_lint.tests.downstream.test_fontforge_validation_state.FontForgeValidateStateTest.test_duplicate_glyphs(): OK
bakery_lint.tests.downstream.test_fontforge_validation_state.FontForgeValidateStateTest.test_duplicate_unicode_codepoints(): OK
bakery_lint.tests.downstream.test_fontforge_validation_state.FontForgeValidateStateTest.test_flipped_reference_in_glyphs(): OK
bakery_lint.tests.downstream.test_fontforge_validation_state.FontForgeValidateStateTest.test_missing_anchors(): OK
bakery_lint.tests.downstream.test_fontforge_validation_state.FontForgeValidateStateTest.test_missing_extrema_in_glyphs(): FAIL
bakery_lint.tests.downstream.test_fontforge_validation_state.FontForgeValidateStateTest.test_overlapped_hints(): OK
bakery_lint.tests.downstream.test_fontforge_validation_state.FontForgeValidateStateTest.test_points_are_integer_aligned(): OK
bakery_lint.tests.downstream.test_fontforge_validation_state.FontForgeValidateStateTest.test_points_are_not_too_far_apart(): OK
bakery_lint.tests.downstream.test_fontforge_validation_state.FontForgeValidateStateTest.test_postscript_hasnt_limit_hints_in_glyphs(): OK
bakery_lint.tests.downstream.test_fontforge_validation_state.FontForgeValidateStateTest.test_postscript_hasnt_limit_points_in_glyphs(): OK
bakery_lint.tests.downstream.test_fontforge_validation_state.FontForgeValidateStateTest.test_referenced_glyphs_are_present(): OK
bakery_lint.tests.downstream.test_fontforge_validation_state.FontForgeValidateStateTest.test_valid_glyph_names(): OK
bakery_lint.tests.downstream.test_fontforge_validation_state.FontForgeValidateStateTest.test_valid_length_instructions(): OK
bakery_lint.tests.downstream.test_fontforge_validation_state.FontForgeValidateStateTest.test_validation_glyph_intersect(): FAIL
bakery_lint.tests.downstream.test_fontforge_validation_state.FontForgeValidateStateTest.test_validation_open_contours(): OK
bakery_lint.tests.downstream.test_fontforge_validation_state.FontForgeValidateStateTest.test_wrong_direction_in_glyphs(): OK
bakery_lint.tests.downstream.test_check_no_problematic_formats.CheckNoProblematicFormats.test_check_no_problematic_formats(): OK
bakery_lint.tests.downstream.test_check_upm_heights_less_120.TestCheckUPMHeightsLess120.test_check_upm_heigths_less_120(): FAIL
bakery_lint.tests.downstream.test_check_font_tables.CheckFontHasDsigTable.test_check_font_has_dsig_table(): OK
bakery_lint.tests.downstream.test_check_font_tables.CheckFontHasNotKernTable.test_no_kern_table_exists(): OK
bakery_lint.tests.downstream.test_check_os2_width_class.CheckOS2WidthClass.test_check_os2_width_class(): OK
bakery_lint.tests.downstream.test_check_glyf_table_length.CheckGlyfTableLength.test_check_glyf_table_length(): FAIL
bakery_lint.tests.downstream.test_check_name_table_recommendation.CheckStyleNameRecommendation.test_check_stylename_is_under_recommendations(): OK
bakery_lint.tests.downstream.test_check_name_table_recommendation.CheckOTFamilyNameRecommendation.test_check_opentype_familyname(): FAIL
$ fontbakery-fix-opentype-names.py /home/travis/build/fontdirectory/allerta/builds/build/Allerta-Regular.ttf
$ mv /home/travis/build/fontdirectory/allerta/builds/build/Allerta-Regular.ttf.fix /home/travis/build/fontdirectory/allerta/builds/build/Allerta-Regular.ttf
bakery_lint.tests.downstream.test_check_name_table_recommendation.CheckOTFamilyNameRecommendation.test_check_opentype_familyname(): OK
bakery_lint.tests.downstream.test_check_name_table_recommendation.CheckOTStyleNameRecommendation.test_check_opentype_stylename(): OK
bakery_lint.tests.downstream.test_check_name_table_recommendation.CheckOTFullNameRecommendation.test_check_opentype_fullname(): OK
bakery_lint.tests.downstream.test_check_hmtx_hhea_max_advance_width_agreement.CheckHmtxHheaMaxAdvanceWidthAgreement.test_check_hmtx_hhea_max_advance_width_agreement(): OK
bakery_lint.tests.downstream.test_gpos_table_has_kerning_info.CheckGposTableHasKerningInfo.test_gpos_table_has_kerning_info(): OK
bakery_lint.tests.downstream.test_check_names_same_across_platforms.CheckNamesSameAcrossPlatforms.test_check_names_same_across_platforms(): OK
bakery_lint.tests.downstream.test_check_panose_identification.CheckPanoseIdentification.test_check_panose_identification(): OK
bakery_lint.tests.downstream.test_check_unencoded_glyph.TestFontUnencodedGlyph.test_font_unencoded_glyphs(): FAIL
$ fontbakery-fix-glyph-private-encoding.py --autofix /home/travis/build/fontdirectory/allerta/builds/build/Allerta-Regular.ttf
$ mv /home/travis/build/fontdirectory/allerta/builds/build/Allerta-Regular.ttf.fix /home/travis/build/fontdirectory/allerta/builds/build/Allerta-Regular.ttf
bakery_lint.tests.downstream.test_check_unencoded_glyph.TestFontUnencodedGlyph.test_font_unencoded_glyphs(): FAIL
bakery_lint.tests.downstream.test_check_magic_prep_code.CheckMagicPREPByteCode.test_prep_magic_code(): FAIL
bakery_lint.tests.downstream.test_check_glyph_existence.CheckGlyphExistence.test_euro(): OK
bakery_lint.tests.downstream.test_check_glyph_existence.CheckGlyphExistence.test_nbsp(): FAIL
bakery_lint.tests.downstream.test_check_glyph_existence.CheckGlyphExistence.test_space(): OK
bakery_lint.tests.downstream.test_check_nbsp_width_matches_sp_width.CheckNbspWidthMatchesSpWidth.test_check_nbsp_width_matches_sp_width(): FAIL
$ fontbakery-fix-nbsp.py /home/travis/build/fontdirectory/allerta/builds/build/Allerta-Regular.ttf
$ mv /home/travis/build/fontdirectory/allerta/builds/build/Allerta-Regular.ttf.fix /home/travis/build/fontdirectory/allerta/builds/build/Allerta-Regular.ttf
bakery_lint.tests.downstream.test_check_nbsp_width_matches_sp_width.CheckNbspWidthMatchesSpWidth.test_check_nbsp_width_matches_sp_width(): FAIL
bakery_lint.tests.downstream.test_check_unused_glyph_data.CheckUnusedGlyphData.test_check_unused_glyph_data(): ERROR
bakery_lint.tests.downstream.test_check_license_included.CheckLicenseIncluded.test_license_included_in_font_names(): OK
bakery_lint.tests.downstream.test_check_fontname_matches_macstyle.CheckFontNameEqualToMacStyleFlags.test_fontname_is_equal_to_macstyle(): OK
bakery_lint.tests.downstream.test_gasp_table_value.CheckGaspTableType.test_check_gasp_table_type(): FAIL
$ fontbakery-fix-gasp.py --set=15 /home/travis/build/fontdirectory/allerta/builds/build/Allerta-Regular.ttf
$ mv /home/travis/build/fontdirectory/allerta/builds/build/Allerta-Regular.ttf.fix /home/travis/build/fontdirectory/allerta/builds/build/Allerta-Regular.ttf
bakery_lint.tests.downstream.test_gasp_table_value.CheckGaspTableType.test_check_gasp_table_type(): OK
$ fontbakery-fix-gasp.py --set=15 /home/travis/build/fontdirectory/allerta/builds/build/Allerta-Regular.ttf
$ mv /home/travis/build/fontdirectory/allerta/builds/build/Allerta-Regular.ttf.fix /home/travis/build/fontdirectory/allerta/builds/build/Allerta-Regular.ttf
bakery_lint.tests.downstream.test_check_font_agreements.CheckFsTypeIsNotSet.test_is_fstype_not_set(): OK
$ fontbakery-fix-fstype.py --autofix /home/travis/build/fontdirectory/allerta/builds/build/Allerta-Regular.ttf
$ mv /home/travis/build/fontdirectory/allerta/builds/build/Allerta-Regular.ttf.fix /home/travis/build/fontdirectory/allerta/builds/build/Allerta-Regular.ttf
bakery_lint.tests.downstream.test_check_font_agreements.CheckFontAgreements.test_em_is_1000(): OK
bakery_lint.tests.downstream.test_check_font_agreements.CheckFontAgreements.test_font_is_font(): OK
bakery_lint.tests.downstream.test_check_font_agreements.CheckFontAgreements.test_latin_file_exists(): OK
bakery_lint.tests.downstream.test_check_font_agreements.CheckFontAgreements.test_menu_file_exists(): OK
### Optimize TTF Allerta-Regular.ttf
$ ls -l 'Allerta-Regular.ttf'* # look at the size savings of that subset process
Allerta-Regular.ttf.opt: 16912 bytes
Allerta-Regular.ttf: 18660 bytes
$ mv /home/travis/build/fontdirectory/allerta/builds/build/Allerta-Regular.ttf.opt /home/travis/build/fontdirectory/allerta/builds/build/Allerta-Regular.ttf
### Autohint TTFs (ttfautohint) Allerta-Regular.ttf
$ ttfautohint -l 7 -r 28 -G 50 -x 13 -w "G" /home/travis/build/fontdirectory/allerta/builds/build/Allerta-Regular.ttf '/home/travis/build/fontdirectory/allerta/builds/build/Allerta-Regular.autohint.ttf'

$ ls -l /home/travis/build/fontdirectory/allerta/builds/build/Allerta-Regular.*ttf # look at the size savings of that subset process
/home/travis/build/fontdirectory/allerta/builds/build/Allerta-Regular.ttf: 16912 bytes
/home/travis/build/fontdirectory/allerta/builds/build/Allerta-Regular.autohint.ttf: 29780 bytes
$ mv /home/travis/build/fontdirectory/allerta/builds/build/Allerta-Regular.autohint.ttf /home/travis/build/fontdirectory/allerta/builds/build/Allerta-Regular.ttf
### Subset TTFs (pyftsubset) Allerta-Regular.ttf
$ pyftsubset Allerta-Regular.latin
$ pyftsubset Allerta-Regular.menu
strippedname:/home/travis/build/fontdirectory/allerta/builds/build/Allerta-Regular.ttf
No nbsp glyph
spaceWidth is    268
nbspWidth is     0
Allerta-Regular.ttf.fix made with spaceWidth and nbspWidth of 268
### (5 of 6) Generate METADATA.json (fontbakery-build-metadata.py)
$ fontbakery-build-metadata.py /home/travis/build/fontdirectory/allerta/builds/build
{} exists
Designer's name from font is: Matt McInerney
Original size: 32836\nGzip size: 18473
Family Name: Allerta
PS Name: AllertaStencil-Regular
Full Name: AllertaStencil-Regular
Style: normal
Weight: 400
Filename: AllertaStencil-Regular.ttf
Copyright: Copyright (c) 2009, Matt McInerney <matt@pixelspread.com> with Reserved Font Name Allerta.
Family Name: Allerta
PS Name: Allerta-Regular
Full Name: Allerta Regular
Style: normal
Weight: 400
Filename: Allerta-Regular-TTF.ttf
Copyright: Copyright (c) 2009, Matt McInerney <matt@pixelspread.com> with Reserved Font Name Allerta.\n
Family Name: Allerta
PS Name: Allerta-Regular
Full Name: Allerta-Regular
Style: normal
Weight: 400
Filename: Allerta-Regular.ttf
Copyright: Copyright (c) 2009, Matt McInerney <matt@pixelspread.com> with Reserved Font Name Allerta.
Family Name: Allerta
PS Name: Allerta-Stencil
Full Name: Allerta Stencil
Style: normal
Weight: 400
Filename: Allerta-Stencil.ttf
Copyright: Copyright (c) 2009, Matt McInerney <matt@pixelspread.com>
Family Name: Allerta
PS Name: Allerta-Medium
Full Name: Allerta Medium
Style: normal
Weight: 500
Filename: Allerta-Medium.ttf
Copyright: Copyright (c) 2009, Matt McInerney <matt@pixelspread.com>
Family Name: Allerta
PS Name: AllertaStencil-Regular
Full Name: Allerta Stencil Regular
Style: normal
Weight: 400
Filename: AllertaStencil-Regular-TTF.ttf
Copyright: Copyright (c) 2009, Matt McInerney <matt@pixelspread.com> with Reserved Font Name Allerta.
### (6 of 6) Run tests for METADATA.json
$ fontbakery-check.py metadata METADATA.json
bakery_lint.tests.metadata_test.MetadataSubsetsListTest.test_charset_latin(): OK
bakery_lint.tests.metadata_test.MetadataSubsetsListTest.test_charset_menu(): OK
bakery_lint.tests.metadata_test.MetadataTest.test_description_is_more_than_500b(): FAIL
bakery_lint.tests.metadata_test.MetadataTest.test_description_is_valid_html(): OK
bakery_lint.tests.metadata_test.MetadataTest.test_does_not_familyName_exist_in_daltonmaag_catalogue(): FAIL
bakery_lint.tests.metadata_test.MetadataTest.test_does_not_familyName_exist_in_fontbureau_catalogue(): OK
bakery_lint.tests.metadata_test.MetadataTest.test_does_not_familyName_exist_in_fontscom_catalogue(): FAIL
bakery_lint.tests.metadata_test.MetadataTest.test_does_not_familyName_exist_in_fontshop_catalogue(): FAIL
bakery_lint.tests.metadata_test.MetadataTest.test_does_not_familyName_exist_in_fontsmith_catalogue(): FAIL
bakery_lint.tests.metadata_test.MetadataTest.test_does_not_familyName_exist_in_houseind_catalogue(): OK
bakery_lint.tests.metadata_test.MetadataTest.test_does_not_familyName_exist_in_myfonts_catalogue(): OK
bakery_lint.tests.metadata_test.MetadataTest.test_does_not_familyName_exist_in_veer_catalogue(): OK
bakery_lint.tests.metadata_test.MetadataTest.test_family_is_listed_in_gwf(): OK
bakery_lint.tests.metadata_test.MetadataTest.test_metadata_atleast_latin_menu_subsets_exist(): OK
/home/travis/virtualenv/python2.7.8/lib/python2.7/site-packages/bakery_lint/tests/metadata_test.py:141: UnicodeWarning: Unicode equal comparison failed to convert both arguments to Unicode - interpreting them as being unequal
  self.assertTrue(designer in designers,
bakery_lint.tests.metadata_test.MetadataTest.test_metadata_designer_exists_in_profiles_csv(): OK
bakery_lint.tests.metadata_test.MetadataTest.test_metadata_fonts_items_dicts(): OK
bakery_lint.tests.metadata_test.MetadataTest.test_metadata_fonts_key_list(): OK
bakery_lint.tests.metadata_test.MetadataTest.test_metadata_fonts_no_dupes(): OK
bakery_lint.tests.metadata_test.MetadataTest.test_metadata_has_unique_style_weight_pairs(): OK
bakery_lint.tests.metadata_test.MetadataTest.test_metadata_keys(): OK
bakery_lint.tests.metadata_test.MetadataTest.test_metadata_license(): OK
bakery_lint.tests.metadata_test.MetadataTest.test_metadata_no_unknown_top_keys(): OK
bakery_lint.tests.metadata_test.MetadataTest.test_metadata_subsets_key_list(): OK
bakery_lint.tests.metadata_test.MetadataTest.test_metadata_top_keys_types(): OK
bakery_lint.tests.downstream.test_check_metadata_style_matches_names.CheckItalicStyleMatchesMacStyle.test_check_italic_style_matches_names(): OK
bakery_lint.tests.downstream.test_check_metadata_style_matches_names.CheckNormalStyleMatchesMacStyle.test_check_normal_style_matches_names(): OK
bakery_lint.tests.downstream.test_check_familyname_matches_fontnames.CheckFamilyNameMatchesFontNames.test_check_familyname_matches_fontnames(): OK
bakery_lint.tests.downstream.test_metadata_font_copyright.CheckMetadataContainsReservedFontName.test_copyright_contains_correct_rfn(): FAIL
bakery_lint.tests.downstream.test_metadata_font_copyright.CheckMetadataContainsReservedFontName.test_copyright_is_consistent_across_family(): OK
bakery_lint.tests.downstream.test_metadata_font_copyright.CheckMetadataContainsReservedFontName.test_copyright_matches_pattern(): FAIL
bakery_lint.tests.downstream.test_metadata_font_copyright.CheckMetadataContainsReservedFontName.test_metadata_copyright_size(): OK
bakery_lint.tests.downstream.test_check_canonical_filenames.CheckCanonicalFilenames.test_check_canonical_filenames(): OK
bakery_lint.tests.downstream.test_check_font_name_not_in_camelcase.CheckFontNameNotInCamelCase.test_fontname_not_in_camel_case(): OK
bakery_lint.tests.downstream.test_check_metadata_matches_nametable.CheckMetadataMatchesNameTable.test_check_metadata_matches_nametable(): FAIL
bakery_lint.tests.downstream.test_check_canonical_weights.CheckCanonicalWeights.test_check_canonical_weights(): OK
bakery_lint.tests.downstream.test_check_canonical_weights.CheckPostScriptNameMatchesWeight.test_postscriptname_contains_correct_weight(): OK
bakery_lint.tests.downstream.test_check_canonical_weights.CheckFontWeightSameAsInMetadata.test_font_weight_same_as_in_metadata(): OK
bakery_lint.tests.downstream.test_check_canonical_weights.CheckFullNameEqualCanonicalName.test_metadata_contains_current_font(): OK
bakery_lint.tests.downstream.test_check_glyph_consistency.CheckGlyphConsistencyInFamily.test_the_same_encodings_of_glyphs_across_family(): OK
bakery_lint.tests.downstream.test_check_glyph_consistency.CheckGlyphConsistencyInFamily.test_the_same_names_of_glyphs_across_family(): OK
bakery_lint.tests.downstream.test_check_glyph_consistency.CheckGlyphConsistencyInFamily.test_the_same_number_of_glyphs_across_family(): OK
bakery_lint.tests.downstream.test_check_canonical_styles.CheckCanonicalStyles.test_check_canonical_styles(): OK
bakery_lint.tests.downstream.test_check_metadata_fields.CheckMetadataFields.test_check_metadata_fields(): OK
bakery_lint.tests.downstream.test_check_files_menu_agreements.CheckFontsMenuAgreements.test_menu_file_agreement(): OK
bakery_lint.tests.downstream.test_check_monospace_agreements.CheckMonospaceAgreement.test_check_monospace_agreement(): OK
bakery_lint.tests.downstream.test_check_menu_contains_proper_glyphs.CheckMenuSubsetContainsProperGlyphs.test_check_menu_contains_proper_glyphs(): FAIL
bakery_lint.tests.downstream.test_check_text_files_exist.CheckTextFilesExist.test_copyrighttxt_exists(): FAIL
bakery_lint.tests.downstream.test_check_text_files_exist.CheckTextFilesExist.test_description_exists(): OK
bakery_lint.tests.downstream.test_check_text_files_exist.CheckTextFilesExist.test_fontlogtxt_exists(): FAIL
bakery_lint.tests.downstream.test_check_text_files_exist.CheckTextFilesExist.test_licensetxt_exists(): FAIL
bakery_lint.tests.downstream.test_check_subsets_exists.CheckSubsetsExist.test_check_subsets_exists(): OK
bakery_lint.tests.downstream.test_metadata_agreements.TestFontOnDiskFamilyEqualToMetadataJSON.test_font_on_disk_family_equal_in_metadata_json(): OK
bakery_lint.tests.downstream.test_metadata_agreements.TestPostScriptNameInMetadataEqualFontOnDisk.test_postscriptname_in_metadata_equal_to_font_on_disk(): OK
bakery_lint.tests.downstream.test_metadata_agreements.CheckMetadataAgreements.test_font_name_matches_family(): OK
bakery_lint.tests.downstream.test_metadata_agreements.CheckMetadataAgreements.test_metadata_family_values_are_all_the_same(): OK
bakery_lint.tests.downstream.test_metadata_agreements.CheckMetadataAgreements.test_metadata_filename_matches_postscriptname(): OK
bakery_lint.tests.downstream.test_metadata_agreements.CheckMetadataAgreements.test_metadata_font_have_regular(): OK
bakery_lint.tests.downstream.test_metadata_agreements.CheckMetadataAgreements.test_metadata_fonts_fields_have_fontname(): OK
bakery_lint.tests.downstream.test_metadata_agreements.CheckMetadataAgreements.test_metadata_fullname_is_equal_to_internal_font_fullname(): FAIL
bakery_lint.tests.downstream.test_metadata_agreements.CheckMetadataAgreements.test_metadata_fullname_matches_postScriptName(): OK
bakery_lint.tests.downstream.test_metadata_agreements.CheckMetadataAgreements.test_metadata_regular_is_400(): OK
bakery_lint.tests.downstream.test_metadata_agreements.CheckMetadataAgreements.test_metadata_regular_is_normal(): OK
{
  "name": "Allerta", 
  "designer": "Matt McInerney", 
  "license": "OFL", 
  "visibility": "External", 
  "category": "Sans Serif", 
  "size": 12255, 
  "fonts": [
    {
      "name": "Allerta", 
      "postScriptName": "AllertaStencil-Regular", 
      "fullName": "AllertaStencil-Regular", 
      "style": "normal", 
      "weight": 400, 
      "filename": "AllertaStencil-Regular.ttf", 
      "copyright": "Copyright (c) 2009, Matt McInerney <matt@pixelspread.com> with Reserved Font Name Allerta."
    }, 
    {
      "name": "Allerta", 
      "postScriptName": "Allerta-Regular", 
      "fullName": "Allerta Regular", 
      "style": "normal", 
      "weight": 400, 
      "filename": "Allerta-Regular-TTF.ttf", 
      "copyright": "Copyright (c) 2009, Matt McInerney <matt@pixelspread.com> with Reserved Font Name Allerta.\n"
    }, 
    {
      "name": "Allerta", 
      "postScriptName": "Allerta-Regular", 
      "fullName": "Allerta-Regular", 
      "style": "normal", 
      "weight": 400, 
      "filename": "Allerta-Regular.ttf", 
      "copyright": "Copyright (c) 2009, Matt McInerney <matt@pixelspread.com> with Reserved Font Name Allerta."
    }, 
    {
      "name": "Allerta", 
      "postScriptName": "Allerta-Stencil", 
      "fullName": "Allerta Stencil", 
      "style": "normal", 
      "weight": 400, 
      "filename": "Allerta-Stencil.ttf", 
      "copyright": "Copyright (c) 2009, Matt McInerney <matt@pixelspread.com>"
    }, 
    {
      "name": "Allerta", 
      "postScriptName": "Allerta-Medium", 
      "fullName": "Allerta Medium", 
      "style": "normal", 
      "weight": 500, 
      "filename": "Allerta-Medium.ttf", 
      "copyright": "Copyright (c) 2009, Matt McInerney <matt@pixelspread.com>"
    }, 
    {
      "name": "Allerta", 
      "postScriptName": "AllertaStencil-Regular", 
      "fullName": "Allerta Stencil Regular", 
      "style": "normal", 
      "weight": 400, 
      "filename": "AllertaStencil-Regular-TTF.ttf", 
      "copyright": "Copyright (c) 2009, Matt McInerney <matt@pixelspread.com> with Reserved Font Name Allerta."
    }
  ], 
  "subsets": [
    "latin", 
    "menu"
  ], 
  "dateAdded": "2010-11-30"
}
